../Core/Src/mylibs/shellv2.c:85:6:Shell_Init	8	static
../Core/Src/mylibs/shellv2.c:96:6:Shell_Loop	16	static
../Core/Src/mylibs/shellv2.c:218:6:HAL_UART_RxCpltCallback	16	static
../Core/Src/mylibs/shellv2.c:228:6:subfunct_WherisBrian	8	static
../Core/Src/mylibs/shellv2.c:232:6:subfunct_help	32	static
../Core/Src/mylibs/shellv2.c:238:6:subfunct_speed	16	static
../Core/Src/mylibs/shellv2.c:247:6:subfunct_start	8	static
../Core/Src/mylibs/shellv2.c:266:6:subfunct_stop	8	static
../Core/Src/mylibs/shellv2.c:280:6:subfunct_printADC	8	static
../Core/Src/mylibs/shellv2.c:284:6:subfunct_asservI	8	static
../Core/Src/mylibs/shellv2.c:293:6:debug	16	static
