../Core/Src/stm32g4xx_it.c:79:6:NMI_Handler	4	static
../Core/Src/stm32g4xx_it.c:94:6:HardFault_Handler	4	static
../Core/Src/stm32g4xx_it.c:109:6:MemManage_Handler	4	static
../Core/Src/stm32g4xx_it.c:124:6:BusFault_Handler	4	static
../Core/Src/stm32g4xx_it.c:139:6:UsageFault_Handler	4	static
../Core/Src/stm32g4xx_it.c:154:6:SVC_Handler	4	static
../Core/Src/stm32g4xx_it.c:167:6:DebugMon_Handler	4	static
../Core/Src/stm32g4xx_it.c:180:6:PendSV_Handler	4	static
../Core/Src/stm32g4xx_it.c:193:6:SysTick_Handler	4	static
../Core/Src/stm32g4xx_it.c:214:6:DMA1_Channel1_IRQHandler	8	static
../Core/Src/stm32g4xx_it.c:228:6:ADC1_2_IRQHandler	8	static
../Core/Src/stm32g4xx_it.c:243:6:TIM2_IRQHandler	8	static
../Core/Src/stm32g4xx_it.c:257:6:USART2_IRQHandler	8	static
../Core/Src/stm32g4xx_it.c:271:6:USART3_IRQHandler	8	static
../Core/Src/stm32g4xx_it.c:285:6:EXTI15_10_IRQHandler	8	static
../Core/Src/stm32g4xx_it.c:299:6:TIM6_DAC_IRQHandler	8	static
../Core/Src/stm32g4xx_it.c:311:6:HAL_ADC_ConvCpltCallback	16	static
