Archive member included to satisfy reference by file (symbol)

/Applications/STM32CubeIDE.app/Contents/Eclipse/plugins/com.st.stm32cube.ide.mcu.externaltools.gnu-tools-for-stm32.12.3.rel1.macos64_1.0.200.202406191456/tools/bin/../lib/gcc/arm-none-eabi/12.3.1/../../../../arm-none-eabi/lib/thumb/v7e-m+fp/hard/libc_nano.a(libc_a-atoi.o)
                              ./Core/Src/mylibs/shellv2.o (atoi)
/Applications/STM32CubeIDE.app/Contents/Eclipse/plugins/com.st.stm32cube.ide.mcu.externaltools.gnu-tools-for-stm32.12.3.rel1.macos64_1.0.200.202406191456/tools/bin/../lib/gcc/arm-none-eabi/12.3.1/../../../../arm-none-eabi/lib/thumb/v7e-m+fp/hard/libc_nano.a(libc_a-exit.o)
                              /Applications/STM32CubeIDE.app/Contents/Eclipse/plugins/com.st.stm32cube.ide.mcu.externaltools.gnu-tools-for-stm32.12.3.rel1.macos64_1.0.200.202406191456/tools/bin/../lib/gcc/arm-none-eabi/12.3.1/../../../../arm-none-eabi/lib/thumb/v7e-m+fp/hard/crt0.o (exit)
/Applications/STM32CubeIDE.app/Contents/Eclipse/plugins/com.st.stm32cube.ide.mcu.externaltools.gnu-tools-for-stm32.12.3.rel1.macos64_1.0.200.202406191456/tools/bin/../lib/gcc/arm-none-eabi/12.3.1/../../../../arm-none-eabi/lib/thumb/v7e-m+fp/hard/libc_nano.a(libc_a-findfp.o)
                              /Applications/STM32CubeIDE.app/Contents/Eclipse/plugins/com.st.stm32cube.ide.mcu.externaltools.gnu-tools-for-stm32.12.3.rel1.macos64_1.0.200.202406191456/tools/bin/../lib/gcc/arm-none-eabi/12.3.1/../../../../arm-none-eabi/lib/thumb/v7e-m+fp/hard/libc_nano.a(libc_a-exit.o) (__stdio_exit_handler)
/Applications/STM32CubeIDE.app/Contents/Eclipse/plugins/com.st.stm32cube.ide.mcu.externaltools.gnu-tools-for-stm32.12.3.rel1.macos64_1.0.200.202406191456/tools/bin/../lib/gcc/arm-none-eabi/12.3.1/../../../../arm-none-eabi/lib/thumb/v7e-m+fp/hard/libc_nano.a(libc_a-strtol.o)
                              /Applications/STM32CubeIDE.app/Contents/Eclipse/plugins/com.st.stm32cube.ide.mcu.externaltools.gnu-tools-for-stm32.12.3.rel1.macos64_1.0.200.202406191456/tools/bin/../lib/gcc/arm-none-eabi/12.3.1/../../../../arm-none-eabi/lib/thumb/v7e-m+fp/hard/libc_nano.a(libc_a-atoi.o) (_strtol_r)
/Applications/STM32CubeIDE.app/Contents/Eclipse/plugins/com.st.stm32cube.ide.mcu.externaltools.gnu-tools-for-stm32.12.3.rel1.macos64_1.0.200.202406191456/tools/bin/../lib/gcc/arm-none-eabi/12.3.1/../../../../arm-none-eabi/lib/thumb/v7e-m+fp/hard/libc_nano.a(libc_a-fwalk.o)
                              /Applications/STM32CubeIDE.app/Contents/Eclipse/plugins/com.st.stm32cube.ide.mcu.externaltools.gnu-tools-for-stm32.12.3.rel1.macos64_1.0.200.202406191456/tools/bin/../lib/gcc/arm-none-eabi/12.3.1/../../../../arm-none-eabi/lib/thumb/v7e-m+fp/hard/libc_nano.a(libc_a-findfp.o) (_fwalk_sglue)
/Applications/STM32CubeIDE.app/Contents/Eclipse/plugins/com.st.stm32cube.ide.mcu.externaltools.gnu-tools-for-stm32.12.3.rel1.macos64_1.0.200.202406191456/tools/bin/../lib/gcc/arm-none-eabi/12.3.1/../../../../arm-none-eabi/lib/thumb/v7e-m+fp/hard/libc_nano.a(libc_a-printf.o)
                              ./Core/Src/mylibs/shellv2.o (printf)
/Applications/STM32CubeIDE.app/Contents/Eclipse/plugins/com.st.stm32cube.ide.mcu.externaltools.gnu-tools-for-stm32.12.3.rel1.macos64_1.0.200.202406191456/tools/bin/../lib/gcc/arm-none-eabi/12.3.1/../../../../arm-none-eabi/lib/thumb/v7e-m+fp/hard/libc_nano.a(libc_a-strtok.o)
                              ./Core/Src/mylibs/shellv2.o (strtok)
/Applications/STM32CubeIDE.app/Contents/Eclipse/plugins/com.st.stm32cube.ide.mcu.externaltools.gnu-tools-for-stm32.12.3.rel1.macos64_1.0.200.202406191456/tools/bin/../lib/gcc/arm-none-eabi/12.3.1/../../../../arm-none-eabi/lib/thumb/v7e-m+fp/hard/libc_nano.a(libc_a-strtok_r.o)
                              /Applications/STM32CubeIDE.app/Contents/Eclipse/plugins/com.st.stm32cube.ide.mcu.externaltools.gnu-tools-for-stm32.12.3.rel1.macos64_1.0.200.202406191456/tools/bin/../lib/gcc/arm-none-eabi/12.3.1/../../../../arm-none-eabi/lib/thumb/v7e-m+fp/hard/libc_nano.a(libc_a-strtok.o) (__strtok_r)
/Applications/STM32CubeIDE.app/Contents/Eclipse/plugins/com.st.stm32cube.ide.mcu.externaltools.gnu-tools-for-stm32.12.3.rel1.macos64_1.0.200.202406191456/tools/bin/../lib/gcc/arm-none-eabi/12.3.1/../../../../arm-none-eabi/lib/thumb/v7e-m+fp/hard/libc_nano.a(libc_a-memset.o)
                              /Applications/STM32CubeIDE.app/Contents/Eclipse/plugins/com.st.stm32cube.ide.mcu.externaltools.gnu-tools-for-stm32.12.3.rel1.macos64_1.0.200.202406191456/tools/bin/../lib/gcc/arm-none-eabi/12.3.1/../../../../arm-none-eabi/lib/thumb/v7e-m+fp/hard/crt0.o (memset)
/Applications/STM32CubeIDE.app/Contents/Eclipse/plugins/com.st.stm32cube.ide.mcu.externaltools.gnu-tools-for-stm32.12.3.rel1.macos64_1.0.200.202406191456/tools/bin/../lib/gcc/arm-none-eabi/12.3.1/../../../../arm-none-eabi/lib/thumb/v7e-m+fp/hard/libc_nano.a(libc_a-impure.o)
[...]
Memory Configuration

Name             Origin             Length             Attributes
RAM              0x20000000         0x00020000         xrw
FLASH            0x08000000         0x00080000         xr
*default*        0x00000000         0xffffffff

Linker script and memory map

LOAD /Applications/STM32CubeIDE.app/Contents/Eclipse/plugins/com.st.stm32cube.ide.mcu.externaltools.gnu-tools-for-stm32.12.3.rel1.macos64_1.0.200.202406191456/tools/bin/../lib/gcc/arm-none-eabi/12.3.1/thumb/v7e-m+fp/hard/crti.o
LOAD /Applications/STM32CubeIDE.app/Contents/Eclipse/plugins/com.st.stm32cube.ide.mcu.externaltools.gnu-tools-for-stm32.12.3.rel1.macos64_1.0.200.202406191456/tools/bin/../lib/gcc/arm-none-eabi/12.3.1/thumb/v7e-m+fp/hard/crtbegin.o
LOAD /Applications/STM32CubeIDE.app/Contents/Eclipse/plugins/com.st.stm32cube.ide.mcu.externaltools.gnu-tools-for-stm32.12.3.rel1.macos64_1.0.200.202406191456/tools/bin/../lib/gcc/arm-none-eabi/12.3.1/../../../../arm-none-eabi/lib/thumb/v7e-m+fp/hard/crt0.o
LOAD ./Core/Src/adc.o
LOAD ./Core/Src/dma.o
LOAD ./Core/Src/gpio.o
LOAD ./Core/Src/main.o
LOAD ./Core/Src/stm32g4xx_hal_msp.o
LOAD ./Core/Src/stm32g4xx_hal_timebase_tim.o
LOAD ./Core/Src/stm32g4xx_it.o
LOAD ./Core/Src/syscalls.o
LOAD ./Core/Src/sysmem.o
LOAD ./Core/Src/system_stm32g4xx.o
LOAD ./Core/Src/tim.o
LOAD ./Core/Src/usart.o
LOAD ./Core/Src/mylibs/asserv.o
LOAD ./Core/Src/mylibs/shellv2.o
LOAD ./Core/Startup/startup_stm32g474retx.o
LOAD ./Drivers/STM32G4xx_HAL_Driver/Src/stm32g4xx_hal.o
LOAD ./Drivers/STM32G4xx_HAL_Driver/Src/stm32g4xx_hal_adc.o
LOAD ./Drivers/STM32G4xx_HAL_Driver/Src/stm32g4xx_hal_adc_ex.o
LOAD ./Drivers/STM32G4xx_HAL_Driver/Src/stm32g4xx_hal_cortex.o
LOAD ./Drivers/STM32G4xx_HAL_Driver/Src/stm32g4xx_hal_dma.o
LOAD ./Drivers/STM32G4xx_HAL_Driver/Src/stm32g4xx_hal_dma_ex.o
LOAD ./Drivers/STM32G4xx_HAL_Driver/Src/stm32g4xx_hal_exti.o
LOAD ./Drivers/STM32G4xx_HAL_Driver/Src/stm32g4xx_hal_flash.o
LOAD ./Drivers/STM32G4xx_HAL_Driver/Src/stm32g4xx_hal_flash_ex.o
LOAD ./Drivers/STM32G4xx_HAL_Driver/Src/stm32g4xx_hal_flash_ramfunc.o
LOAD ./Drivers/STM32G4xx_HAL_Driver/Src/stm32g4xx_hal_gpio.o
LOAD ./Drivers/STM32G4xx_HAL_Driver/Src/stm32g4xx_hal_pwr.o
LOAD ./Drivers/STM32G4xx_HAL_Driver/Src/stm32g4xx_hal_pwr_ex.o
LOAD ./Drivers/STM32G4xx_HAL_Driver/Src/stm32g4xx_hal_rcc.o
LOAD ./Drivers/STM32G4xx_HAL_Driver/Src/stm32g4xx_hal_rcc_ex.o
LOAD ./Drivers/STM32G4xx_HAL_Driver/Src/stm32g4xx_hal_tim.o
LOAD ./Drivers/STM32G4xx_HAL_Driver/Src/stm32g4xx_hal_tim_ex.o
LOAD ./Drivers/STM32G4xx_HAL_Driver/Src/stm32g4xx_hal_uart.o
LOAD ./Drivers/STM32G4xx_HAL_Driver/Src/stm32g4xx_hal_uart_ex.o
LOAD ./Drivers/STM32G4xx_HAL_Driver/Src/stm32g4xx_ll_adc.o
LOAD ./callBack/callBack.o
START GROUP
LOAD /Applications/STM32CubeIDE.app/Contents/Eclipse/plugins/com.st.stm32cube.ide.mcu.externaltools.gnu-tools-for-stm32.12.3.rel1.macos64_1.0.200.202406191456/tools/bin/../lib/gcc/arm-none-eabi/12.3.1/../../../../arm-none-eabi/lib/thumb/v7e-m+fp/hard/libc_nano.a
LOAD /Applications/STM32CubeIDE.app/Contents/Eclipse/plugins/com.st.stm32cube.ide.mcu.externaltools.gnu-tools-for-stm32.12.3.rel1.macos64_1.0.200.202406191456/tools/bin/../lib/gcc/arm-none-eabi/12.3.1/../../../../arm-none-eabi/lib/thumb/v7e-m+fp/hard/libm.a
END GROUP
START GROUP
LOAD /Applications/STM32CubeIDE.app/Contents/Eclipse/plugins/com.st.stm32cube.ide.mcu.externaltools.gnu-tools-for-stm32.12.3.rel1.macos64_1.0.200.202406191456/tools/bin/../lib/gcc/arm-none-eabi/12.3.1/thumb/v7e-m+fp/hard/libgcc.a
LOAD /Applications/STM32CubeIDE.app/Contents/Eclipse/plugins/com.st.stm32cube.ide.mcu.externaltools.gnu-tools-for-stm32.12.3.rel1.macos64_1.0.200.202406191456/tools/bin/../lib/gcc/arm-none-eabi/12.3.1/../../../../arm-none-eabi/lib/thumb/v7e-m+fp/hard/libc_nano.a
END GROUP
START GROUP
LOAD /Applications/STM32CubeIDE.app/Contents/Eclipse/plugins/com.st.stm32cube.ide.mcu.externaltools.gnu-tools-for-stm32.12.3.rel1.macos64_1.0.200.202406191456/tools/bin/../lib/gcc/arm-none-eabi/12.3.1/thumb/v7e-m+fp/hard/libgcc.a
LOAD /Applications/STM32CubeIDE.app/Contents/Eclipse/plugins/com.st.stm32cube.ide.mcu.externaltools.gnu-tools-for-stm32.12.3.rel1.macos64_1.0.200.202406191456/tools/bin/../lib/gcc/arm-none-eabi/12.3.1/../../../../arm-none-eabi/lib/thumb/v7e-m+fp/hard/libc_nano.a
LOAD /Applications/STM32CubeIDE.app/Contents/Eclipse/plugins/com.st.stm32cube.ide.mcu.externaltools.gnu-tools-for-stm32.12.3.rel1.macos64_1.0.200.202406191456/tools/bin/../lib/gcc/arm-none-eabi/12.3.1/../../../../arm-none-eabi/lib/thumb/v7e-m+fp/hard/libnosys.a
END GROUP
START GROUP
LOAD /Applications/STM32CubeIDE.app/Contents/Eclipse/plugins/com.st.stm32cube.ide.mcu.externaltools.gnu-tools-for-stm32.12.3.rel1.macos64_1.0.200.202406191456/tools/bin/../lib/gcc/arm-none-eabi/12.3.1/thumb/v7e-m+fp/hard/libgcc.a
LOAD /Applications/STM32CubeIDE.app/Contents/Eclipse/plugins/com.st.stm32cube.ide.mcu.externaltools.gnu-tools-for-stm32.12.3.rel1.macos64_1.0.200.202406191456/tools/bin/../lib/gcc/arm-none-eabi/12.3.1/../../../../arm-none-eabi/lib/thumb/v7e-m+fp/hard/libc_nano.a
LOAD /Applications/STM32CubeIDE.app/Contents/Eclipse/plugins/com.st.stm32cube.ide.mcu.externaltools.gnu-tools-for-stm32.12.3.rel1.macos64_1.0.200.202406191456/tools/bin/../lib/gcc/arm-none-eabi/12.3.1/../../../../arm-none-eabi/lib/thumb/v7e-m+fp/hard/libnosys.a
END GROUP
LOAD /Applications/STM32CubeIDE.app/Contents/Eclipse/plugins/com.st.stm32cube.ide.mcu.externaltools.gnu-tools-for-stm32.12.3.rel1.macos64_1.0.200.202406191456/tools/bin/../lib/gcc/arm-none-eabi/12.3.1/thumb/v7e-m+fp/hard/crtend.o
LOAD /Applications/STM32CubeIDE.app/Contents/Eclipse/plugins/com.st.stm32cube.ide.mcu.externaltools.gnu-tools-for-stm32.12.3.rel1.macos64_1.0.200.202406191456/tools/bin/../lib/gcc/arm-none-eabi/12.3.1/thumb/v7e-m+fp/hard/crtn.o
                0x20020000                        _estack = (ORIGIN (RAM) + LENGTH (RAM))
                0x00000200                        _Min_Heap_Size = 0x200
                0x00000400                        _Min_Stack_Size = 0x400

.isr_vector     0x08000000      0x1d8
                0x08000000                        . = ALIGN (0x4)
 *(.isr_vector)
 .isr_vector    0x08000000      0x1d8 ./Core/Startup/startup_stm32g474retx.o
                0x08000000                g_pfnVectors
                0x080001d8                        . = ALIGN (0x4)

.text           0x080001e0     0xb650
                0x080001e0                        . = ALIGN (0x4)
 *(.text)
 .text          0x080001e0       0x40 /Applications/STM32CubeIDE.app/Contents/Eclipse/plugins/com.st.stm32cube.ide.mcu.externaltools.gnu-tools-for-stm32.12.3.rel1.macos64_1.0.200.202406191456/tools/bin/../lib/gcc/arm-none-eabi/12.3.1/thumb/v7e-m+fp/hard/crtbegin.o
 .text          0x08000220       0x10 /Applications/STM32CubeIDE.app/Contents/Eclipse/plugins/com.st.stm32cube.ide.mcu.externaltools.gnu-tools-for-stm32.12.3.rel1.macos64_1.0.200.202406191456/tools/bin/../lib/gcc/arm-none-eabi/12.3.1/../../../../arm-none-eabi/lib/thumb/v7e-m+fp/hard/libc_nano.a(libc_a-strlen.o)
                0x08000220                strlen
 .text          0x08000230       0x14 /Applications/STM32CubeIDE.app/Contents/Eclipse/plugins/com.st.stm32cube.ide.mcu.externaltools.gnu-tools-for-stm32.12.3.rel1.macos64_1.0.200.202406191456/tools/bin/../lib/gcc/arm-none-eabi/12.3.1/../../../../arm-none-eabi/lib/thumb/v7e-m+fp/hard/libc_nano.a(libc_a-strcmp.o)
                0x08000230                strcmp
 *fill*         0x08000244        0xc 
 .text          0x08000250       0xa0 /Applications/STM32CubeIDE.app/Contents/Eclipse/plugins/com.st.stm32cube.ide.mcu.externaltools.gnu-tools-for-stm32.12.3.rel1.macos64_1.0.200.202406191456/tools/bin/../lib/gcc/arm-none-eabi/12.3.1/../../../../arm-none-eabi/lib/thumb/v7e-m+fp/hard/libc_nano.a(libc_a-memchr.o)
                0x08000250                memchr
 .text          0x080002f0       0x30 /Applications/STM32CubeIDE.app/Contents/Eclipse/plugins/com.st.stm32cube.ide.mcu.externaltools.gnu-tools-for-stm32.12.3.rel1.macos64_1.0.200.202406191456/tools/bin/../lib/gcc/arm-none-eabi/12.3.1/thumb/v7e-m+fp/hard/libgcc.a(_aeabi_uldivmod.o)
                0x080002f0                __aeabi_uldivmod
 .text          0x08000320      0x2bc /Applications/STM32CubeIDE.app/Contents/Eclipse/plugins/com.st.stm32cube.ide.mcu.externaltools.gnu-tools-for-stm32.12.3.rel1.macos64_1.0.200.202406191456/tools/bin/../lib/gcc/arm-none-eabi/12.3.1/thumb/v7e-m+fp/hard/libgcc.a(_udivmoddi4.o)
                0x08000320                __udivmoddi4
 .text          0x080005dc        0x4 /Applications/STM32CubeIDE.app/Contents/Eclipse/plugins/com.st.stm32cube.ide.mcu.externaltools.gnu-tools-for-stm32.12.3.rel1.macos64_1.0.200.202406191456/tools/bin/../lib/gcc/arm-none-eabi/12.3.1/thumb/v7e-m+fp/hard/libgcc.a(_dvmd_tls.o)
                0x080005dc                __aeabi_ldiv0
                0x080005dc                __aeabi_idiv0
 *(.text*)
 .text.MX_ADC1_Init
                0x080005e0      0x134 ./Core/Src/adc.o
                0x080005e0                MX_ADC1_Init
 .text.MX_ADC2_Init
                0x08000714       0xcc ./Core/Src/adc.o
                0x08000714                MX_ADC2_Init
 .text.HAL_ADC_MspInit
                0x080007e0      0x278 ./Core/Src/adc.o
                0x080007e0                HAL_ADC_MspInit
 .text.MX_DMA_Init
                0x08000a58       0x54 ./Core/Src/dma.o
                0x08000a58                MX_DMA_Init
 .text.MX_GPIO_Init
                0x08000aac      0x144 ./Core/Src/gpio.o
                0x08000aac                MX_GPIO_Init
 .text.main     0x08000bf0       0x5c ./Core/Src/main.o
                0x08000bf0                main
 .text.SystemClock_Config
                0x08000c4c       0x92 ./Core/Src/main.o
                0x08000c4c                SystemClock_Config
 *fill*         0x08000cde        0x2 
 .text.HAL_TIM_PeriodElapsedCallback
                0x08000ce0       0x28 ./Core/Src/main.o
                0x08000ce0                HAL_TIM_PeriodElapsedCallback
 .text.Error_Handler
                0x08000d08        0xc ./Core/Src/main.o
                0x08000d08                Error_Handler
 .text.__io_putchar
                0x08000d14       0x24 ./Core/Src/stm32g4xx_hal_msp.o
                0x08000d14                __io_putchar
 .text.HAL_MspInit
                0x08000d38       0x48 ./Core/Src/stm32g4xx_hal_msp.o
                0x08000d38                HAL_MspInit
 .text.HAL_InitTick
                0x08000d80       0xe8 ./Core/Src/stm32g4xx_hal_timebase_tim.o
                0x08000d80                HAL_InitTick
 .text.TimeBase_TIM_PeriodElapsedCallback
                0x08000e68       0x14 ./Core/Src/stm32g4xx_hal_timebase_tim.o
                0x08000e68                TimeBase_TIM_PeriodElapsedCallback
 .text.NMI_Handler
                0x08000e7c        0x8 ./Core/Src/stm32g4xx_it.o
                0x08000e7c                NMI_Handler
 .text.HardFault_Handler
                0x08000e84        0x8 ./Core/Src/stm32g4xx_it.o
                0x08000e84                HardFault_Handler
 .text.MemManage_Handler
                0x08000e8c        0x8 ./Core/Src/stm32g4xx_it.o
                0x08000e8c                MemManage_Handler
 .text.BusFault_Handler
                0x08000e94        0x8 ./Core/Src/stm32g4xx_it.o
                0x08000e94                BusFault_Handler
 .text.UsageFault_Handler
                0x08000e9c        0x8 ./Core/Src/stm32g4xx_it.o
                0x08000e9c                UsageFault_Handler
 .text.SVC_Handler
                0x08000ea4        0xe ./Core/Src/stm32g4xx_it.o
                0x08000ea4                SVC_Handler
 .text.DebugMon_Handler
                0x08000eb2        0xe ./Core/Src/stm32g4xx_it.o
                0x08000eb2                DebugMon_Handler
 .text.PendSV_Handler
                0x08000ec0        0xe ./Core/Src/stm32g4xx_it.o
                0x08000ec0                PendSV_Handler
 .text.SysTick_Handler
                0x08000ece        0xe ./Core/Src/stm32g4xx_it.o
                0x08000ece                SysTick_Handler
 .text.DMA1_Channel1_IRQHandler
                0x08000edc       0x14 ./Core/Src/stm32g4xx_it.o
                0x08000edc                DMA1_Channel1_IRQHandler
 .text.ADC1_2_IRQHandler
                0x08000ef0       0x1c ./Core/Src/stm32g4xx_it.o
                0x08000ef0                ADC1_2_IRQHandler
 .text.TIM2_IRQHandler
                0x08000f0c       0x14 ./Core/Src/stm32g4xx_it.o
                0x08000f0c                TIM2_IRQHandler
 .text.USART2_IRQHandler
                0x08000f20       0x14 ./Core/Src/stm32g4xx_it.o
                0x08000f20                USART2_IRQHandler
 .text.USART3_IRQHandler
                0x08000f34       0x14 ./Core/Src/stm32g4xx_it.o
                0x08000f34                USART3_IRQHandler
 .text.EXTI15_10_IRQHandler
                0x08000f48       0x10 ./Core/Src/stm32g4xx_it.o
                0x08000f48                EXTI15_10_IRQHandler
 .text.TIM6_DAC_IRQHandler
                0x08000f58       0x14 ./Core/Src/stm32g4xx_it.o
                0x08000f58                TIM6_DAC_IRQHandler
 .text._getpid  0x08000f6c       0x10 ./Core/Src/syscalls.o
                0x08000f6c                _getpid
 .text._kill    0x08000f7c       0x20 ./Core/Src/syscalls.o
                0x08000f7c                _kill
 .text._exit    0x08000f9c       0x16 ./Core/Src/syscalls.o
                0x08000f9c                _exit
 .text._read    0x08000fb2       0x3a ./Core/Src/syscalls.o
                0x08000fb2                _read
 .text._write   0x08000fec       0x38 ./Core/Src/syscalls.o
                0x08000fec                _write
 .text._close   0x08001024       0x18 ./Core/Src/syscalls.o
                0x08001024                _close
 .text._fstat   0x0800103c       0x20 ./Core/Src/syscalls.o
                0x0800103c                _fstat
 .text._isatty  0x0800105c       0x16 ./Core/Src/syscalls.o
                0x0800105c                _isatty
 .text._lseek   0x08001072       0x1a ./Core/Src/syscalls.o
                0x08001072                _lseek
 .text._sbrk    0x0800108c       0x6c ./Core/Src/sysmem.o
                0x0800108c                _sbrk
 .text.SystemInit
                0x080010f8       0x24 ./Core/Src/system_stm32g4xx.o
                0x080010f8                SystemInit
 .text.MX_TIM1_Init
                0x0800111c      0x19c ./Core/Src/tim.o
                0x0800111c                MX_TIM1_Init
 .text.MX_TIM2_Init
                0x080012b8       0x9c ./Core/Src/tim.o
                0x080012b8                MX_TIM2_Init
 .text.MX_TIM3_Init
                0x08001354       0x98 ./Core/Src/tim.o
                0x08001354                MX_TIM3_Init
 .text.HAL_TIM_Base_MspInit
                0x080013ec       0xbc ./Core/Src/tim.o
                0x080013ec                HAL_TIM_Base_MspInit
 .text.HAL_TIMEx_HallSensor_MspInit
                0x080014a8       0xc4 ./Core/Src/tim.o
                0x080014a8                HAL_TIMEx_HallSensor_MspInit
 .text.HAL_TIM_MspPostInit
                0x0800156c       0xd0 ./Core/Src/tim.o
                0x0800156c                HAL_TIM_MspPostInit
 .text.MX_USART2_UART_Init
                0x0800163c       0x98 ./Core/Src/usart.o
                0x0800163c                MX_USART2_UART_Init
 .text.MX_USART3_UART_Init
                0x080016d4       0x98 ./Core/Src/usart.o
                0x080016d4                MX_USART3_UART_Init
 .text.HAL_UART_MspInit
                0x0800176c      0x150 ./Core/Src/usart.o
                0x0800176c                HAL_UART_MspInit
 .text.asservCourant
                0x080018bc      0x130 ./Core/Src/mylibs/asserv.o
                0x080018bc                asservCourant
 .text.Shell_Init
                0x080019ec       0x80 ./Core/Src/mylibs/shellv2.o
                0x080019ec                Shell_Init
 .text.Shell_Loop
                0x08001a6c      0x27c ./Core/Src/mylibs/shellv2.o
                0x08001a6c                Shell_Loop
 .text.HAL_UART_RxCpltCallback
                0x08001ce8       0x2c ./Core/Src/mylibs/shellv2.o
                0x08001ce8                HAL_UART_RxCpltCallback
 .text.subfunct_WherisBrian
                0x08001d14       0x14 ./Core/Src/mylibs/shellv2.o
                0x08001d14                subfunct_WherisBrian
 .text.subfunct_help
                0x08001d28       0x94 ./Core/Src/mylibs/shellv2.o
                0x08001d28                subfunct_help
 .text.subfunct_speed
                0x08001dbc       0x58 ./Core/Src/mylibs/shellv2.o
                0x08001dbc                subfunct_speed
 .text.subfunct_start
                0x08001e14      0x17c ./Core/Src/mylibs/shellv2.o
                0x08001e14                subfunct_start
 .text.subfunct_stop
                0x08001f90      0x15c ./Core/Src/mylibs/shellv2.o
                0x08001f90                subfunct_stop
 .text.subfunct_printADC
                0x080020ec       0x1c ./Core/Src/mylibs/shellv2.o
                0x080020ec                subfunct_printADC
 .text.subfunct_asservI
                0x08002108       0x2c ./Core/Src/mylibs/shellv2.o
                0x08002108                subfunct_asservI
 .text.debug    0x08002134       0x28 ./Core/Src/mylibs/shellv2.o
                0x08002134                debug
 .text.Reset_Handler
                0x0800215c       0x50 ./Core/Startup/startup_stm32g474retx.o
                0x0800215c                Reset_Handler
 .text.Default_Handler
                0x080021ac        0x2 ./Core/Startup/startup_stm32g474retx.o
                0x080021ac                TIM1_BRK_TIM15_IRQHandler
                0x080021ac                EXTI2_IRQHandler
                0x080021ac                TIM8_TRG_COM_IRQHandler
                0x080021ac                TIM8_CC_IRQHandler
                0x080021ac                HRTIM1_Master_IRQHandler
                0x080021ac                SPI4_IRQHandler
                0x080021ac                FDCAN3_IT0_IRQHandler
                0x080021ac                TIM1_CC_IRQHandler
                0x080021ac                HRTIM1_FLT_IRQHandler
                0x080021ac                HRTIM1_TIMF_IRQHandler
                0x080021ac                USB_HP_IRQHandler
                0x080021ac                CORDIC_IRQHandler
                0x080021ac                HRTIM1_TIMD_IRQHandler
                0x080021ac                DMA2_Channel8_IRQHandler
                0x080021ac                EXTI3_IRQHandler
                0x080021ac                I2C3_ER_IRQHandler
                0x080021ac                EXTI0_IRQHandler
                0x080021ac                I2C2_EV_IRQHandler
                0x080021ac                FPU_IRQHandler
                0x080021ac                FDCAN1_IT1_IRQHandler
                0x080021ac                TIM1_UP_TIM16_IRQHandler
                0x080021ac                HRTIM1_TIME_IRQHandler
                0x080021ac                SPI1_IRQHandler
                0x080021ac                HRTIM1_TIMC_IRQHandler
                0x080021ac                TIM8_UP_IRQHandler
                0x080021ac                DMA2_Channel2_IRQHandler
                0x080021ac                DMA1_Channel4_IRQHandler
                0x080021ac                TIM20_TRG_COM_IRQHandler
                0x080021ac                DMA1_Channel7_IRQHandler
                0x080021ac                UART5_IRQHandler
                0x080021ac                ADC3_IRQHandler
                0x080021ac                TIM4_IRQHandler
                0x080021ac                DMA2_Channel1_IRQHandler
                0x080021ac                QUADSPI_IRQHandler
                0x080021ac                I2C1_EV_IRQHandler
                0x080021ac                DMA1_Channel6_IRQHandler
                0x080021ac                UART4_IRQHandler
                0x080021ac                DMA2_Channel4_IRQHandler
                0x080021ac                TIM3_IRQHandler
                0x080021ac                RCC_IRQHandler
                0x080021ac                TIM20_UP_IRQHandler
                0x080021ac                Default_Handler
                0x080021ac                DMA2_Channel7_IRQHandler
                0x080021ac                RTC_TAMP_LSECSS_IRQHandler
                0x080021ac                FMAC_IRQHandler
                0x080021ac                DMA1_Channel8_IRQHandler
                0x080021ac                HRTIM1_TIMA_IRQHandler
                0x080021ac                TIM7_DAC_IRQHandler
                0x080021ac                FDCAN3_IT1_IRQHandler
                0x080021ac                TIM5_IRQHandler
                0x080021ac                UCPD1_IRQHandler
                0x080021ac                I2C3_EV_IRQHandler
                0x080021ac                EXTI9_5_IRQHandler
                0x080021ac                RTC_WKUP_IRQHandler
                0x080021ac                PVD_PVM_IRQHandler
                0x080021ac                SPI2_IRQHandler
                0x080021ac                ADC5_IRQHandler
                0x080021ac                DMA2_Channel5_IRQHandler
                0x080021ac                CRS_IRQHandler
                0x080021ac                DMA1_Channel5_IRQHandler
                0x080021ac                USB_LP_IRQHandler
                0x080021ac                EXTI4_IRQHandler
                0x080021ac                RNG_IRQHandler
                0x080021ac                HRTIM1_TIMB_IRQHandler
                0x080021ac                TIM1_TRG_COM_TIM17_IRQHandler
                0x080021ac                FDCAN2_IT1_IRQHandler
                0x080021ac                DMA1_Channel3_IRQHandler
                0x080021ac                ADC4_IRQHandler
                0x080021ac                WWDG_IRQHandler
                0x080021ac                I2C4_EV_IRQHandler
                0x080021ac                FDCAN2_IT0_IRQHandler
                0x080021ac                LPUART1_IRQHandler
                0x080021ac                DMA2_Channel6_IRQHandler
                0x080021ac                FDCAN1_IT0_IRQHandler
                0x080021ac                COMP7_IRQHandler
                0x080021ac                COMP1_2_3_IRQHandler
                0x080021ac                EXTI1_IRQHandler
                0x080021ac                COMP4_5_6_IRQHandler
                0x080021ac                TIM20_BRK_IRQHandler
                0x080021ac                I2C2_ER_IRQHandler
                0x080021ac                DMA1_Channel2_IRQHandler
                0x080021ac                TIM8_BRK_IRQHandler
                0x080021ac                FLASH_IRQHandler
                0x080021ac                TIM20_CC_IRQHandler
                0x080021ac                USART1_IRQHandler
                0x080021ac                SPI3_IRQHandler
                0x080021ac                I2C1_ER_IRQHandler
                0x080021ac                FMC_IRQHandler
                0x080021ac                LPTIM1_IRQHandler
                0x080021ac                DMAMUX_OVR_IRQHandler
                0x080021ac                I2C4_ER_IRQHandler
                0x080021ac                USBWakeUp_IRQHandler
                0x080021ac                SAI1_IRQHandler
                0x080021ac                DMA2_Channel3_IRQHandler
                0x080021ac                RTC_Alarm_IRQHandler
 .text.HAL_Init
                0x080021ae       0x30 ./Drivers/STM32G4xx_HAL_Driver/Src/stm32g4xx_hal.o
                0x080021ae                HAL_Init
 *fill*         0x080021de        0x2 
 .text.HAL_IncTick
                0x080021e0       0x24 ./Drivers/STM32G4xx_HAL_Driver/Src/stm32g4xx_hal.o
                0x080021e0                HAL_IncTick
 .text.HAL_GetTick
                0x08002204       0x18 ./Drivers/STM32G4xx_HAL_Driver/Src/stm32g4xx_hal.o
                0x08002204                HAL_GetTick
 .text.LL_ADC_SetCommonClock
                0x0800221c       0x26 ./Drivers/STM32G4xx_HAL_Driver/Src/stm32g4xx_hal_adc.o
 .text.LL_ADC_SetCommonPathInternalCh
                0x08002242       0x26 ./Drivers/STM32G4xx_HAL_Driver/Src/stm32g4xx_hal_adc.o
 .text.LL_ADC_GetCommonPathInternalCh
                0x08002268       0x1c ./Drivers/STM32G4xx_HAL_Driver/Src/stm32g4xx_hal_adc.o
 .text.LL_ADC_SetOffset
                0x08002284       0x48 ./Drivers/STM32G4xx_HAL_Driver/Src/stm32g4xx_hal_adc.o
 .text.LL_ADC_GetOffsetChannel
                0x080022cc       0x2c ./Drivers/STM32G4xx_HAL_Driver/Src/stm32g4xx_hal_adc.o
 .text.LL_ADC_SetOffsetState
                0x080022f8       0x36 ./Drivers/STM32G4xx_HAL_Driver/Src/stm32g4xx_hal_adc.o
 .text.LL_ADC_SetOffsetSign
                0x0800232e       0x36 ./Drivers/STM32G4xx_HAL_Driver/Src/stm32g4xx_hal_adc.o
 .text.LL_ADC_SetOffsetSaturation
                0x08002364       0x36 ./Drivers/STM32G4xx_HAL_Driver/Src/stm32g4xx_hal_adc.o
 .text.LL_ADC_SetSamplingTimeCommonConfig
                0x0800239a       0x26 ./Drivers/STM32G4xx_HAL_Driver/Src/stm32g4xx_hal_adc.o
 .text.LL_ADC_REG_IsTriggerSourceSWStart
                0x080023c0       0x26 ./Drivers/STM32G4xx_HAL_Driver/Src/stm32g4xx_hal_adc.o
 .text.LL_ADC_REG_SetSequencerRanks
                0x080023e6       0x58 ./Drivers/STM32G4xx_HAL_Driver/Src/stm32g4xx_hal_adc.o
 .text.LL_ADC_INJ_IsTriggerSourceSWStart
                0x0800243e       0x26 ./Drivers/STM32G4xx_HAL_Driver/Src/stm32g4xx_hal_adc.o
 .text.LL_ADC_SetChannelSamplingTime
                0x08002464       0x56 ./Drivers/STM32G4xx_HAL_Driver/Src/stm32g4xx_hal_adc.o
 *fill*         0x080024ba        0x2 
 .text.LL_ADC_SetChannelSingleDiff
                0x080024bc       0x48 ./Drivers/STM32G4xx_HAL_Driver/Src/stm32g4xx_hal_adc.o
 .text.LL_ADC_GetMultimode
                0x08002504       0x1c ./Drivers/STM32G4xx_HAL_Driver/Src/stm32g4xx_hal_adc.o
 .text.LL_ADC_GetMultiDMATransfer
                0x08002520       0x1c ./Drivers/STM32G4xx_HAL_Driver/Src/stm32g4xx_hal_adc.o
 .text.LL_ADC_DisableDeepPowerDown
                0x0800253c       0x24 ./Drivers/STM32G4xx_HAL_Driver/Src/stm32g4xx_hal_adc.o
 .text.LL_ADC_IsDeepPowerDownEnabled
                0x08002560       0x28 ./Drivers/STM32G4xx_HAL_Driver/Src/stm32g4xx_hal_adc.o
 .text.LL_ADC_EnableInternalRegulator
                0x08002588       0x28 ./Drivers/STM32G4xx_HAL_Driver/Src/stm32g4xx_hal_adc.o
 .text.LL_ADC_IsInternalRegulatorEnabled
                0x080025b0       0x28 ./Drivers/STM32G4xx_HAL_Driver/Src/stm32g4xx_hal_adc.o
 .text.LL_ADC_Enable
                0x080025d8       0x28 ./Drivers/STM32G4xx_HAL_Driver/Src/stm32g4xx_hal_adc.o
 .text.LL_ADC_Disable
                0x08002600       0x28 ./Drivers/STM32G4xx_HAL_Driver/Src/stm32g4xx_hal_adc.o
 .text.LL_ADC_IsEnabled
                0x08002628       0x26 ./Drivers/STM32G4xx_HAL_Driver/Src/stm32g4xx_hal_adc.o
 .text.LL_ADC_IsDisableOngoing
                0x0800264e       0x26 ./Drivers/STM32G4xx_HAL_Driver/Src/stm32g4xx_hal_adc.o
 .text.LL_ADC_REG_StartConversion
                0x08002674       0x28 ./Drivers/STM32G4xx_HAL_Driver/Src/stm32g4xx_hal_adc.o
 .text.LL_ADC_REG_StopConversion
                0x0800269c       0x28 ./Drivers/STM32G4xx_HAL_Driver/Src/stm32g4xx_hal_adc.o
 .text.LL_ADC_REG_IsConversionOngoing
                0x080026c4       0x26 ./Drivers/STM32G4xx_HAL_Driver/Src/stm32g4xx_hal_adc.o
 .text.LL_ADC_INJ_StopConversion
                0x080026ea       0x28 ./Drivers/STM32G4xx_HAL_Driver/Src/stm32g4xx_hal_adc.o
 .text.LL_ADC_INJ_IsConversionOngoing
                0x08002712       0x26 ./Drivers/STM32G4xx_HAL_Driver/Src/stm32g4xx_hal_adc.o
 .text.HAL_ADC_Init
                0x08002738      0x378 ./Drivers/STM32G4xx_HAL_Driver/Src/stm32g4xx_hal_adc.o
                0x08002738                HAL_ADC_Init
 .text.HAL_ADC_Start_DMA
                0x08002ab0      0x1a8 ./Drivers/STM32G4xx_HAL_Driver/Src/stm32g4xx_hal_adc.o
                0x08002ab0                HAL_ADC_Start_DMA
 .text.HAL_ADC_Stop_DMA
                0x08002c58       0xc2 ./Drivers/STM32G4xx_HAL_Driver/Src/stm32g4xx_hal_adc.o
                0x08002c58                HAL_ADC_Stop_DMA
 *fill*         0x08002d1a        0x2 
 .text.HAL_ADC_IRQHandler
                0x08002d1c      0x4c0 ./Drivers/STM32G4xx_HAL_Driver/Src/stm32g4xx_hal_adc.o
                0x08002d1c                HAL_ADC_IRQHandler
 .text.HAL_ADC_ConvHalfCpltCallback
                0x080031dc       0x14 ./Drivers/STM32G4xx_HAL_Driver/Src/stm32g4xx_hal_adc.o
                0x080031dc                HAL_ADC_ConvHalfCpltCallback
 .text.HAL_ADC_LevelOutOfWindowCallback
                0x080031f0       0x14 ./Drivers/STM32G4xx_HAL_Driver/Src/stm32g4xx_hal_adc.o
                0x080031f0                HAL_ADC_LevelOutOfWindowCallback
 .text.HAL_ADC_ErrorCallback
                0x08003204       0x14 ./Drivers/STM32G4xx_HAL_Driver/Src/stm32g4xx_hal_adc.o
                0x08003204                HAL_ADC_ErrorCallback
 .text.HAL_ADC_ConfigChannel
                0x08003218      0x880 ./Drivers/STM32G4xx_HAL_Driver/Src/stm32g4xx_hal_adc.o
                0x08003218                HAL_ADC_ConfigChannel
 .text.ADC_ConversionStop
                0x08003a98      0x178 ./Drivers/STM32G4xx_HAL_Driver/Src/stm32g4xx_hal_adc.o
                0x08003a98                ADC_ConversionStop
 .text.ADC_Enable
                0x08003c10      0x12c ./Drivers/STM32G4xx_HAL_Driver/Src/stm32g4xx_hal_adc.o
                0x08003c10                ADC_Enable
 .text.ADC_Disable
                0x08003d3c       0xbe ./Drivers/STM32G4xx_HAL_Driver/Src/stm32g4xx_hal_adc.o
                0x08003d3c                ADC_Disable
 .text.ADC_DMAConvCplt
                0x08003dfa       0xd8 ./Drivers/STM32G4xx_HAL_Driver/Src/stm32g4xx_hal_adc.o
                0x08003dfa                ADC_DMAConvCplt
 .text.ADC_DMAHalfConvCplt
                0x08003ed2       0x1c ./Drivers/STM32G4xx_HAL_Driver/Src/stm32g4xx_hal_adc.o
                0x08003ed2                ADC_DMAHalfConvCplt
 .text.ADC_DMAError
                0x08003eee       0x34 ./Drivers/STM32G4xx_HAL_Driver/Src/stm32g4xx_hal_adc.o
                0x08003eee                ADC_DMAError
 .text.LL_ADC_IsEnabled
                0x08003f22       0x26 ./Drivers/STM32G4xx_HAL_Driver/Src/stm32g4xx_hal_adc_ex.o
 .text.LL_ADC_StartCalibration
                0x08003f48       0x32 ./Drivers/STM32G4xx_HAL_Driver/Src/stm32g4xx_hal_adc_ex.o
 .text.LL_ADC_IsCalibrationOnGoing
                0x08003f7a       0x28 ./Drivers/STM32G4xx_HAL_Driver/Src/stm32g4xx_hal_adc_ex.o
 .text.LL_ADC_REG_IsConversionOngoing
                0x08003fa2       0x26 ./Drivers/STM32G4xx_HAL_Driver/Src/stm32g4xx_hal_adc_ex.o
 .text.HAL_ADCEx_Calibration_Start
                0x08003fc8       0xc4 ./Drivers/STM32G4xx_HAL_Driver/Src/stm32g4xx_hal_adc_ex.o
                0x08003fc8                HAL_ADCEx_Calibration_Start
 .text.HAL_ADCEx_InjectedConvCpltCallback
                0x0800408c       0x14 ./Drivers/STM32G4xx_HAL_Driver/Src/stm32g4xx_hal_adc_ex.o
                0x0800408c                HAL_ADCEx_InjectedConvCpltCallback
 .text.HAL_ADCEx_InjectedQueueOverflowCallback
                0x080040a0       0x14 ./Drivers/STM32G4xx_HAL_Driver/Src/stm32g4xx_hal_adc_ex.o
                0x080040a0                HAL_ADCEx_InjectedQueueOverflowCallback
 .text.HAL_ADCEx_LevelOutOfWindow2Callback
                0x080040b4       0x14 ./Drivers/STM32G4xx_HAL_Driver/Src/stm32g4xx_hal_adc_ex.o
                0x080040b4                HAL_ADCEx_LevelOutOfWindow2Callback
 .text.HAL_ADCEx_LevelOutOfWindow3Callback
                0x080040c8       0x14 ./Drivers/STM32G4xx_HAL_Driver/Src/stm32g4xx_hal_adc_ex.o
                0x080040c8                HAL_ADCEx_LevelOutOfWindow3Callback
 .text.HAL_ADCEx_EndOfSamplingCallback
                0x080040dc       0x14 ./Drivers/STM32G4xx_HAL_Driver/Src/stm32g4xx_hal_adc_ex.o
                0x080040dc                HAL_ADCEx_EndOfSamplingCallback
 .text.HAL_ADCEx_MultiModeConfigChannel
                0x080040f0      0x210 ./Drivers/STM32G4xx_HAL_Driver/Src/stm32g4xx_hal_adc_ex.o
                0x080040f0                HAL_ADCEx_MultiModeConfigChannel
 .text.__NVIC_SetPriorityGrouping
                0x08004300       0x48 ./Drivers/STM32G4xx_HAL_Driver/Src/stm32g4xx_hal_cortex.o
 .text.__NVIC_GetPriorityGrouping
                0x08004348       0x1c ./Drivers/STM32G4xx_HAL_Driver/Src/stm32g4xx_hal_cortex.o
 .text.__NVIC_EnableIRQ
                0x08004364       0x3c ./Drivers/STM32G4xx_HAL_Driver/Src/stm32g4xx_hal_cortex.o
 .text.__NVIC_SetPriority
                0x080043a0       0x54 ./Drivers/STM32G4xx_HAL_Driver/Src/stm32g4xx_hal_cortex.o
 .text.NVIC_EncodePriority
                0x080043f4       0x66 ./Drivers/STM32G4xx_HAL_Driver/Src/stm32g4xx_hal_cortex.o
 .text.HAL_NVIC_SetPriorityGrouping
                0x0800445a       0x16 ./Drivers/STM32G4xx_HAL_Driver/Src/stm32g4xx_hal_cortex.o
                0x0800445a                HAL_NVIC_SetPriorityGrouping
 .text.HAL_NVIC_SetPriority
                0x08004470       0x34 ./Drivers/STM32G4xx_HAL_Driver/Src/stm32g4xx_hal_cortex.o
                0x08004470                HAL_NVIC_SetPriority
 .text.HAL_NVIC_EnableIRQ
                0x080044a4       0x1c ./Drivers/STM32G4xx_HAL_Driver/Src/stm32g4xx_hal_cortex.o
                0x080044a4                HAL_NVIC_EnableIRQ
 .text.HAL_DMA_Init
                0x080044c0      0x150 ./Drivers/STM32G4xx_HAL_Driver/Src/stm32g4xx_hal_dma.o
                0x080044c0                HAL_DMA_Init
 .text.HAL_DMA_Start_IT
                0x08004610       0xf6 ./Drivers/STM32G4xx_HAL_Driver/Src/stm32g4xx_hal_dma.o
                0x08004610                HAL_DMA_Start_IT
 .text.HAL_DMA_Abort
                0x08004706       0xb2 ./Drivers/STM32G4xx_HAL_Driver/Src/stm32g4xx_hal_dma.o
                0x08004706                HAL_DMA_Abort
 .text.HAL_DMA_Abort_IT
                0x080047b8       0xce ./Drivers/STM32G4xx_HAL_Driver/Src/stm32g4xx_hal_dma.o
                0x080047b8                HAL_DMA_Abort_IT
 .text.HAL_DMA_IRQHandler
                0x08004886      0x15e ./Drivers/STM32G4xx_HAL_Driver/Src/stm32g4xx_hal_dma.o
                0x08004886                HAL_DMA_IRQHandler
 .text.DMA_SetConfig
                0x080049e4       0x7c ./Drivers/STM32G4xx_HAL_Driver/Src/stm32g4xx_hal_dma.o
 .text.DMA_CalcDMAMUXChannelBaseAndMask
                0x08004a60       0x7c ./Drivers/STM32G4xx_HAL_Driver/Src/stm32g4xx_hal_dma.o
 .text.DMA_CalcDMAMUXRequestGenBaseAndMask
                0x08004adc       0x48 ./Drivers/STM32G4xx_HAL_Driver/Src/stm32g4xx_hal_dma.o
 .text.HAL_GPIO_Init
                0x08004b24      0x304 ./Drivers/STM32G4xx_HAL_Driver/Src/stm32g4xx_hal_gpio.o
                0x08004b24                HAL_GPIO_Init
 .text.HAL_GPIO_WritePin
                0x08004e28       0x30 ./Drivers/STM32G4xx_HAL_Driver/Src/stm32g4xx_hal_gpio.o
                0x08004e28                HAL_GPIO_WritePin
 .text.HAL_GPIO_TogglePin
                0x08004e58       0x34 ./Drivers/STM32G4xx_HAL_Driver/Src/stm32g4xx_hal_gpio.o
                0x08004e58                HAL_GPIO_TogglePin
 .text.HAL_GPIO_EXTI_IRQHandler
                0x08004e8c       0x30 ./Drivers/STM32G4xx_HAL_Driver/Src/stm32g4xx_hal_gpio.o
                0x08004e8c                HAL_GPIO_EXTI_IRQHandler
 .text.HAL_GPIO_EXTI_Callback
                0x08004ebc       0x16 ./Drivers/STM32G4xx_HAL_Driver/Src/stm32g4xx_hal_gpio.o
                0x08004ebc                HAL_GPIO_EXTI_Callback
 *fill*         0x08004ed2        0x2 
 .text.HAL_PWREx_ControlVoltageScaling
                0x08004ed4      0x148 ./Drivers/STM32G4xx_HAL_Driver/Src/stm32g4xx_hal_pwr_ex.o
                0x08004ed4                HAL_PWREx_ControlVoltageScaling
 .text.HAL_PWREx_DisableUCPDDeadBattery
                0x0800501c       0x20 ./Drivers/STM32G4xx_HAL_Driver/Src/stm32g4xx_hal_pwr_ex.o
                0x0800501c                HAL_PWREx_DisableUCPDDeadBattery
 .text.HAL_RCC_OscConfig
                0x0800503c      0x624 ./Drivers/STM32G4xx_HAL_Driver/Src/stm32g4xx_hal_rcc.o
                0x0800503c                HAL_RCC_OscConfig
 .text.HAL_RCC_ClockConfig
                0x08005660      0x278 ./Drivers/STM32G4xx_HAL_Driver/Src/stm32g4xx_hal_rcc.o
                0x08005660                HAL_RCC_ClockConfig
 .text.HAL_RCC_GetSysClockFreq
                0x080058d8       0xc4 ./Drivers/STM32G4xx_HAL_Driver/Src/stm32g4xx_hal_rcc.o
                0x080058d8                HAL_RCC_GetSysClockFreq
 .text.HAL_RCC_GetHCLKFreq
                0x0800599c       0x18 ./Drivers/STM32G4xx_HAL_Driver/Src/stm32g4xx_hal_rcc.o
                0x0800599c                HAL_RCC_GetHCLKFreq
 .text.HAL_RCC_GetPCLK1Freq
                0x080059b4       0x2c ./Drivers/STM32G4xx_HAL_Driver/Src/stm32g4xx_hal_rcc.o
                0x080059b4                HAL_RCC_GetPCLK1Freq
 .text.HAL_RCC_GetPCLK2Freq
                0x080059e0       0x2c ./Drivers/STM32G4xx_HAL_Driver/Src/stm32g4xx_hal_rcc.o
                0x080059e0                HAL_RCC_GetPCLK2Freq
 .text.HAL_RCC_GetClockConfig
                0x08005a0c       0x64 ./Drivers/STM32G4xx_HAL_Driver/Src/stm32g4xx_hal_rcc.o
                0x08005a0c                HAL_RCC_GetClockConfig
 .text.RCC_GetSysClockFreqFromPLLSource
                0x08005a70       0x8c ./Drivers/STM32G4xx_HAL_Driver/Src/stm32g4xx_hal_rcc.o
 .text.HAL_RCCEx_PeriphCLKConfig
                0x08005afc      0x49c ./Drivers/STM32G4xx_HAL_Driver/Src/stm32g4xx_hal_rcc_ex.o
                0x08005afc                HAL_RCCEx_PeriphCLKConfig
 .text.HAL_TIM_Base_Init
                0x08005f98       0xc8 ./Drivers/STM32G4xx_HAL_Driver/Src/stm32g4xx_hal_tim.o
                0x08005f98                HAL_TIM_Base_Init
 .text.HAL_TIM_Base_Start
                0x08006060       0xe0 ./Drivers/STM32G4xx_HAL_Driver/Src/stm32g4xx_hal_tim.o
                0x08006060                HAL_TIM_Base_Start
 .text.HAL_TIM_Base_Stop
                0x08006140       0x4e ./Drivers/STM32G4xx_HAL_Driver/Src/stm32g4xx_hal_tim.o
                0x08006140                HAL_TIM_Base_Stop
 *fill*         0x0800618e        0x2 
 .text.HAL_TIM_Base_Start_IT
                0x08006190       0xf0 ./Drivers/STM32G4xx_HAL_Driver/Src/stm32g4xx_hal_tim.o
                0x08006190                HAL_TIM_Base_Start_IT
 .text.HAL_TIM_PWM_Init
                0x08006280       0xc8 ./Drivers/STM32G4xx_HAL_Driver/Src/stm32g4xx_hal_tim.o
                0x08006280                HAL_TIM_PWM_Init
 .text.HAL_TIM_PWM_MspInit
                0x08006348       0x14 ./Drivers/STM32G4xx_HAL_Driver/Src/stm32g4xx_hal_tim.o
                0x08006348                HAL_TIM_PWM_MspInit
 .text.HAL_TIM_PWM_Start
                0x0800635c      0x224 ./Drivers/STM32G4xx_HAL_Driver/Src/stm32g4xx_hal_tim.o
                0x0800635c                HAL_TIM_PWM_Start
 .text.HAL_TIM_PWM_Stop
                0x08006580      0x138 ./Drivers/STM32G4xx_HAL_Driver/Src/stm32g4xx_hal_tim.o
                0x08006580                HAL_TIM_PWM_Stop
 .text.HAL_TIM_IRQHandler
                0x080066b8      0x2f2 ./Drivers/STM32G4xx_HAL_Driver/Src/stm32g4xx_hal_tim.o
                0x080066b8                HAL_TIM_IRQHandler
 *fill*         0x080069aa        0x2 
 .text.HAL_TIM_PWM_ConfigChannel
                0x080069ac      0x228 ./Drivers/STM32G4xx_HAL_Driver/Src/stm32g4xx_hal_tim.o
                0x080069ac                HAL_TIM_PWM_ConfigChannel
 .text.HAL_TIM_ConfigClockSource
                0x08006bd4      0x22c ./Drivers/STM32G4xx_HAL_Driver/Src/stm32g4xx_hal_tim.o
                0x08006bd4                HAL_TIM_ConfigClockSource
 .text.HAL_TIM_PeriodElapsedHalfCpltCallback
                0x08006e00       0x14 ./Drivers/STM32G4xx_HAL_Driver/Src/stm32g4xx_hal_tim.o
                0x08006e00                HAL_TIM_PeriodElapsedHalfCpltCallback
 .text.HAL_TIM_OC_DelayElapsedCallback
                0x08006e14       0x14 ./Drivers/STM32G4xx_HAL_Driver/Src/stm32g4xx_hal_tim.o
                0x08006e14                HAL_TIM_OC_DelayElapsedCallback
 .text.HAL_TIM_IC_CaptureCallback
                0x08006e28       0x14 ./Drivers/STM32G4xx_HAL_Driver/Src/stm32g4xx_hal_tim.o
                0x08006e28                HAL_TIM_IC_CaptureCallback
 .text.HAL_TIM_IC_CaptureHalfCpltCallback
                0x08006e3c       0x14 ./Drivers/STM32G4xx_HAL_Driver/Src/stm32g4xx_hal_tim.o
                0x08006e3c                HAL_TIM_IC_CaptureHalfCpltCallback
 .text.HAL_TIM_PWM_PulseFinishedCallback
                0x08006e50       0x14 ./Drivers/STM32G4xx_HAL_Driver/Src/stm32g4xx_hal_tim.o
                0x08006e50                HAL_TIM_PWM_PulseFinishedCallback
 .text.HAL_TIM_PWM_PulseFinishedHalfCpltCallback
                0x08006e64       0x14 ./Drivers/STM32G4xx_HAL_Driver/Src/stm32g4xx_hal_tim.o
                0x08006e64                HAL_TIM_PWM_PulseFinishedHalfCpltCallback
 .text.HAL_TIM_TriggerCallback
                0x08006e78       0x14 ./Drivers/STM32G4xx_HAL_Driver/Src/stm32g4xx_hal_tim.o
                0x08006e78                HAL_TIM_TriggerCallback
 .text.HAL_TIM_TriggerHalfCpltCallback
                0x08006e8c       0x14 ./Drivers/STM32G4xx_HAL_Driver/Src/stm32g4xx_hal_tim.o
                0x08006e8c                HAL_TIM_TriggerHalfCpltCallback
 .text.HAL_TIM_ErrorCallback
                0x08006ea0       0x14 ./Drivers/STM32G4xx_HAL_Driver/Src/stm32g4xx_hal_tim.o
                0x08006ea0                HAL_TIM_ErrorCallback
 .text.HAL_TIM_RegisterCallback
                0x08006eb4      0x2c0 ./Drivers/STM32G4xx_HAL_Driver/Src/stm32g4xx_hal_tim.o
                0x08006eb4                HAL_TIM_RegisterCallback
 .text.TIM_Base_SetConfig
                0x08007174      0x168 ./Drivers/STM32G4xx_HAL_Driver/Src/stm32g4xx_hal_tim.o
                0x08007174                TIM_Base_SetConfig
 .text.TIM_OC1_SetConfig
                0x080072dc      0x134 ./Drivers/STM32G4xx_HAL_Driver/Src/stm32g4xx_hal_tim.o
 .text.TIM_OC2_SetConfig
                0x08007410      0x128 ./Drivers/STM32G4xx_HAL_Driver/Src/stm32g4xx_hal_tim.o
                0x08007410                TIM_OC2_SetConfig
 .text.TIM_OC3_SetConfig
                0x08007538      0x124 ./Drivers/STM32G4xx_HAL_Driver/Src/stm32g4xx_hal_tim.o
 .text.TIM_OC4_SetConfig
                0x0800765c      0x128 ./Drivers/STM32G4xx_HAL_Driver/Src/stm32g4xx_hal_tim.o
 .text.TIM_OC5_SetConfig
                0x08007784       0xd4 ./Drivers/STM32G4xx_HAL_Driver/Src/stm32g4xx_hal_tim.o
 .text.TIM_OC6_SetConfig
                0x08007858       0xd8 ./Drivers/STM32G4xx_HAL_Driver/Src/stm32g4xx_hal_tim.o
 .text.TIM_TI1_SetConfig
                0x08007930       0xe8 ./Drivers/STM32G4xx_HAL_Driver/Src/stm32g4xx_hal_tim.o
                0x08007930                TIM_TI1_SetConfig
 .text.TIM_TI1_ConfigInputStage
                0x08007a18       0x5e ./Drivers/STM32G4xx_HAL_Driver/Src/stm32g4xx_hal_tim.o
 .text.TIM_TI2_ConfigInputStage
                0x08007a76       0x60 ./Drivers/STM32G4xx_HAL_Driver/Src/stm32g4xx_hal_tim.o
 .text.TIM_ITRx_SetConfig
                0x08007ad6       0x3a ./Drivers/STM32G4xx_HAL_Driver/Src/stm32g4xx_hal_tim.o
 .text.TIM_ETR_SetConfig
                0x08007b10       0x40 ./Drivers/STM32G4xx_HAL_Driver/Src/stm32g4xx_hal_tim.o
                0x08007b10                TIM_ETR_SetConfig
 .text.TIM_CCxChannelCmd
                0x08007b50       0x4a ./Drivers/STM32G4xx_HAL_Driver/Src/stm32g4xx_hal_tim.o
                0x08007b50                TIM_CCxChannelCmd
 *fill*         0x08007b9a        0x2 
 .text.TIM_ResetCallback
                0x08007b9c       0xec ./Drivers/STM32G4xx_HAL_Driver/Src/stm32g4xx_hal_tim.o
                0x08007b9c                TIM_ResetCallback
 .text.HAL_TIMEx_HallSensor_Init
                0x08007c88      0x178 ./Drivers/STM32G4xx_HAL_Driver/Src/stm32g4xx_hal_tim_ex.o
                0x08007c88                HAL_TIMEx_HallSensor_Init
 .text.HAL_TIMEx_PWMN_Start
                0x08007e00      0x184 ./Drivers/STM32G4xx_HAL_Driver/Src/stm32g4xx_hal_tim_ex.o
                0x08007e00                HAL_TIMEx_PWMN_Start
 .text.HAL_TIMEx_PWMN_Stop
                0x08007f84       0xba ./Drivers/STM32G4xx_HAL_Driver/Src/stm32g4xx_hal_tim_ex.o
                0x08007f84                HAL_TIMEx_PWMN_Stop
 *fill*         0x0800803e        0x2 
 .text.HAL_TIMEx_MasterConfigSynchronization
                0x08008040      0x12c ./Drivers/STM32G4xx_HAL_Driver/Src/stm32g4xx_hal_tim_ex.o
                0x08008040                HAL_TIMEx_MasterConfigSynchronization
 .text.HAL_TIMEx_ConfigBreakDeadTime
                0x0800816c      0x128 ./Drivers/STM32G4xx_HAL_Driver/Src/stm32g4xx_hal_tim_ex.o
                0x0800816c                HAL_TIMEx_ConfigBreakDeadTime
 .text.HAL_TIMEx_CommutCallback
                0x08008294       0x14 ./Drivers/STM32G4xx_HAL_Driver/Src/stm32g4xx_hal_tim_ex.o
                0x08008294                HAL_TIMEx_CommutCallback
 .text.HAL_TIMEx_CommutHalfCpltCallback
                0x080082a8       0x14 ./Drivers/STM32G4xx_HAL_Driver/Src/stm32g4xx_hal_tim_ex.o
                0x080082a8                HAL_TIMEx_CommutHalfCpltCallback
 .text.HAL_TIMEx_BreakCallback
                0x080082bc       0x14 ./Drivers/STM32G4xx_HAL_Driver/Src/stm32g4xx_hal_tim_ex.o
                0x080082bc                HAL_TIMEx_BreakCallback
 .text.HAL_TIMEx_Break2Callback
                0x080082d0       0x14 ./Drivers/STM32G4xx_HAL_Driver/Src/stm32g4xx_hal_tim_ex.o
                0x080082d0                HAL_TIMEx_Break2Callback
 .text.HAL_TIMEx_EncoderIndexCallback
                0x080082e4       0x14 ./Drivers/STM32G4xx_HAL_Driver/Src/stm32g4xx_hal_tim_ex.o
                0x080082e4                HAL_TIMEx_EncoderIndexCallback
 .text.HAL_TIMEx_DirectionChangeCallback
                0x080082f8       0x14 ./Drivers/STM32G4xx_HAL_Driver/Src/stm32g4xx_hal_tim_ex.o
                0x080082f8                HAL_TIMEx_DirectionChangeCallback
 .text.HAL_TIMEx_IndexErrorCallback
                0x0800830c       0x14 ./Drivers/STM32G4xx_HAL_Driver/Src/stm32g4xx_hal_tim_ex.o
                0x0800830c                HAL_TIMEx_IndexErrorCallback
 .text.HAL_TIMEx_TransitionErrorCallback
                0x08008320       0x14 ./Drivers/STM32G4xx_HAL_Driver/Src/stm32g4xx_hal_tim_ex.o
                0x08008320                HAL_TIMEx_TransitionErrorCallback
 .text.TIM_CCxNChannelCmd
                0x08008334       0x4a ./Drivers/STM32G4xx_HAL_Driver/Src/stm32g4xx_hal_tim_ex.o
 .text.HAL_UART_Init
                0x0800837e       0xa0 ./Drivers/STM32G4xx_HAL_Driver/Src/stm32g4xx_hal_uart.o
                0x0800837e                HAL_UART_Init
 .text.HAL_UART_Transmit
                0x0800841e      0x11c ./Drivers/STM32G4xx_HAL_Driver/Src/stm32g4xx_hal_uart.o
                0x0800841e                HAL_UART_Transmit
 *fill*         0x0800853a        0x2 
 .text.HAL_UART_Receive_IT
                0x0800853c       0x98 ./Drivers/STM32G4xx_HAL_Driver/Src/stm32g4xx_hal_uart.o
                0x0800853c                HAL_UART_Receive_IT
 .text.HAL_UART_IRQHandler
                0x080085d4      0x684 ./Drivers/STM32G4xx_HAL_Driver/Src/stm32g4xx_hal_uart.o
                0x080085d4                HAL_UART_IRQHandler
 .text.HAL_UART_TxCpltCallback
                0x08008c58       0x14 ./Drivers/STM32G4xx_HAL_Driver/Src/stm32g4xx_hal_uart.o
                0x08008c58                HAL_UART_TxCpltCallback
 .text.HAL_UART_ErrorCallback
                0x08008c6c       0x14 ./Drivers/STM32G4xx_HAL_Driver/Src/stm32g4xx_hal_uart.o
                0x08008c6c                HAL_UART_ErrorCallback
 .text.HAL_UARTEx_RxEventCallback
                0x08008c80       0x18 ./Drivers/STM32G4xx_HAL_Driver/Src/stm32g4xx_hal_uart.o
                0x08008c80                HAL_UARTEx_RxEventCallback
 .text.UART_SetConfig
                0x08008c98      0x5f8 ./Drivers/STM32G4xx_HAL_Driver/Src/stm32g4xx_hal_uart.o
                0x08008c98                UART_SetConfig
 .text.UART_AdvFeatureConfig
                0x08009290      0x144 ./Drivers/STM32G4xx_HAL_Driver/Src/stm32g4xx_hal_uart.o
                0x08009290                UART_AdvFeatureConfig
 .text.UART_CheckIdleState
                0x080093d4      0x154 ./Drivers/STM32G4xx_HAL_Driver/Src/stm32g4xx_hal_uart.o
                0x080093d4                UART_CheckIdleState
 .text.UART_WaitOnFlagUntilTimeout
                0x08009528       0xda ./Drivers/STM32G4xx_HAL_Driver/Src/stm32g4xx_hal_uart.o
                0x08009528                UART_WaitOnFlagUntilTimeout
 *fill*         0x08009602        0x2 
 .text.UART_Start_Receive_IT
                0x08009604      0x244 ./Drivers/STM32G4xx_HAL_Driver/Src/stm32g4xx_hal_uart.o
                0x08009604                UART_Start_Receive_IT
 .text.UART_EndRxTransfer
                0x08009848       0xcc ./Drivers/STM32G4xx_HAL_Driver/Src/stm32g4xx_hal_uart.o
 .text.UART_DMAAbortOnError
                0x08009914       0x24 ./Drivers/STM32G4xx_HAL_Driver/Src/stm32g4xx_hal_uart.o
 .text.UART_EndTransmit_IT
                0x08009938       0x56 ./Drivers/STM32G4xx_HAL_Driver/Src/stm32g4xx_hal_uart.o
 *fill*         0x0800998e        0x2 
 .text.UART_RxISR_8BIT
                0x08009990      0x1b8 ./Drivers/STM32G4xx_HAL_Driver/Src/stm32g4xx_hal_uart.o
 .text.UART_RxISR_16BIT
                0x08009b48      0x1b8 ./Drivers/STM32G4xx_HAL_Driver/Src/stm32g4xx_hal_uart.o
 .text.UART_RxISR_8BIT_FIFOEN
                0x08009d00      0x364 ./Drivers/STM32G4xx_HAL_Driver/Src/stm32g4xx_hal_uart.o
 .text.UART_RxISR_16BIT_FIFOEN
                0x0800a064      0x36c ./Drivers/STM32G4xx_HAL_Driver/Src/stm32g4xx_hal_uart.o
 .text.HAL_UARTEx_WakeupCallback
                0x0800a3d0       0x14 ./Drivers/STM32G4xx_HAL_Driver/Src/stm32g4xx_hal_uart_ex.o
                0x0800a3d0                HAL_UARTEx_WakeupCallback
 .text.HAL_UARTEx_RxFifoFullCallback
                0x0800a3e4       0x14 ./Drivers/STM32G4xx_HAL_Driver/Src/stm32g4xx_hal_uart_ex.o
                0x0800a3e4                HAL_UARTEx_RxFifoFullCallback
 .text.HAL_UARTEx_TxFifoEmptyCallback
                0x0800a3f8       0x14 ./Drivers/STM32G4xx_HAL_Driver/Src/stm32g4xx_hal_uart_ex.o
                0x0800a3f8                HAL_UARTEx_TxFifoEmptyCallback
 .text.HAL_UARTEx_DisableFifoMode
                0x0800a40c       0x72 ./Drivers/STM32G4xx_HAL_Driver/Src/stm32g4xx_hal_uart_ex.o
                0x0800a40c                HAL_UARTEx_DisableFifoMode
 .text.HAL_UARTEx_SetTxFifoThreshold
                0x0800a47e       0x7c ./Drivers/STM32G4xx_HAL_Driver/Src/stm32g4xx_hal_uart_ex.o
                0x0800a47e                HAL_UARTEx_SetTxFifoThreshold
 .text.HAL_UARTEx_SetRxFifoThreshold
                0x0800a4fa       0x7c ./Drivers/STM32G4xx_HAL_Driver/Src/stm32g4xx_hal_uart_ex.o
                0x0800a4fa                HAL_UARTEx_SetRxFifoThreshold
 *fill*         0x0800a576        0x2 
 .text.UARTEx_SetNbDataToProcess
                0x0800a578       0x9c ./Drivers/STM32G4xx_HAL_Driver/Src/stm32g4xx_hal_uart_ex.o
 .text.CUSTOM_HAL_TIM_PeriodElapsedCallBack
                0x0800a614       0x94 ./callBack/callBack.o
                0x0800a614                CUSTOM_HAL_TIM_PeriodElapsedCallBack
 .text.HAL_ADC_ConvCpltCallback
                0x0800a6a8       0x30 ./callBack/callBack.o
                0x0800a6a8                HAL_ADC_ConvCpltCallback
 .text.atoi     0x0800a6d8        0x8 /Applications/STM32CubeIDE.app/Contents/Eclipse/plugins/com.st.stm32cube.ide.mcu.externaltools.gnu-tools-for-stm32.12.3.rel1.macos64_1.0.200.202406191456/tools/bin/../lib/gcc/arm-none-eabi/12.3.1/../../../../arm-none-eabi/lib/thumb/v7e-m+fp/hard/libc_nano.a(libc_a-atoi.o)
                0x0800a6d8                atoi
 .text.std      0x0800a6e0       0x6c /Applications/STM32CubeIDE.app/Contents/Eclipse/plugins/com.st.stm32cube.ide.mcu.externaltools.gnu-tools-for-stm32.12.3.rel1.macos64_1.0.200.202406191456/tools/bin/../lib/gcc/arm-none-eabi/12.3.1/../../../../arm-none-eabi/lib/thumb/v7e-m+fp/hard/libc_nano.a(libc_a-findfp.o)
 .text.stdio_exit_handler
                0x0800a74c       0x18 /Applications/STM32CubeIDE.app/Contents/Eclipse/plugins/com.st.stm32cube.ide.mcu.externaltools.gnu-tools-for-stm32.12.3.rel1.macos64_1.0.200.202406191456/tools/bin/../lib/gcc/arm-none-eabi/12.3.1/../../../../arm-none-eabi/lib/thumb/v7e-m+fp/hard/libc_nano.a(libc_a-findfp.o)
 .text.cleanup_stdio
                0x0800a764       0x40 /Applications/STM32CubeIDE.app/Contents/Eclipse/plugins/com.st.stm32cube.ide.mcu.externaltools.gnu-tools-for-stm32.12.3.rel1.macos64_1.0.200.202406191456/tools/bin/../lib/gcc/arm-none-eabi/12.3.1/../../../../arm-none-eabi/lib/thumb/v7e-m+fp/hard/libc_nano.a(libc_a-findfp.o)
 .text.global_stdio_init.part.0
                0x0800a7a4       0x3c /Applications/STM32CubeIDE.app/Contents/Eclipse/plugins/com.st.stm32cube.ide.mcu.externaltools.gnu-tools-for-stm32.12.3.rel1.macos64_1.0.200.202406191456/tools/bin/../lib/gcc/arm-none-eabi/12.3.1/../../../../arm-none-eabi/lib/thumb/v7e-m+fp/hard/libc_nano.a(libc_a-findfp.o)
 .text.__sfp_lock_acquire
                0x0800a7e0        0xc /Applications/STM32CubeIDE.app/Contents/Eclipse/plugins/com.st.stm32cube.ide.mcu.externaltools.gnu-tools-for-stm32.12.3.rel1.macos64_1.0.200.202406191456/tools/bin/../lib/gcc/arm-none-eabi/12.3.1/../../../../arm-none-eabi/lib/thumb/v7e-m+fp/hard/libc_nano.a(libc_a-findfp.o)
                0x0800a7e0                __sfp_lock_acquire
 .text.__sfp_lock_release
                0x0800a7ec        0xc /Applications/STM32CubeIDE.app/Contents/Eclipse/plugins/com.st.stm32cube.ide.mcu.externaltools.gnu-tools-for-stm32.12.3.rel1.macos64_1.0.200.202406191456/tools/bin/../lib/gcc/arm-none-eabi/12.3.1/../../../../arm-none-eabi/lib/thumb/v7e-m+fp/hard/libc_nano.a(libc_a-findfp.o)
                0x0800a7ec                __sfp_lock_release
 .text.__sinit  0x0800a7f8       0x30 /Applications/STM32CubeIDE.app/Contents/Eclipse/plugins/com.st.stm32cube.ide.mcu.externaltools.gnu-tools-for-stm32.12.3.rel1.macos64_1.0.200.202406191456/tools/bin/../lib/gcc/arm-none-eabi/12.3.1/../../../../arm-none-eabi/lib/thumb/v7e-m+fp/hard/libc_nano.a(libc_a-findfp.o)
                0x0800a7f8                __sinit
 .text._strtol_l.constprop.0
                0x0800a828       0xf4 /Applications/STM32CubeIDE.app/Contents/Eclipse/plugins/com.st.stm32cube.ide.mcu.externaltools.gnu-tools-for-stm32.12.3.rel1.macos64_1.0.200.202406191456/tools/bin/../lib/gcc/arm-none-eabi/12.3.1/../../../../arm-none-eabi/lib/thumb/v7e-m+fp/hard/libc_nano.a(libc_a-strtol.o)
 .text.strtol   0x0800a91c       0x14 /Applications/STM32CubeIDE.app/Contents/Eclipse/plugins/com.st.stm32cube.ide.mcu.externaltools.gnu-tools-for-stm32.12.3.rel1.macos64_1.0.200.202406191456/tools/bin/../lib/gcc/arm-none-eabi/12.3.1/../../../../arm-none-eabi/lib/thumb/v7e-m+fp/hard/libc_nano.a(libc_a-strtol.o)
                0x0800a91c                strtol
 .text._fwalk_sglue
                0x0800a930       0x3c /Applications/STM32CubeIDE.app/Contents/Eclipse/plugins/com.st.stm32cube.ide.mcu.externaltools.gnu-tools-for-stm32.12.3.rel1.macos64_1.0.200.202406191456/tools/bin/../lib/gcc/arm-none-eabi/12.3.1/../../../../arm-none-eabi/lib/thumb/v7e-m+fp/hard/libc_nano.a(libc_a-fwalk.o)
                0x0800a930                _fwalk_sglue
 .text.printf   0x0800a96c       0x24 /Applications/STM32CubeIDE.app/Contents/Eclipse/plugins/com.st.stm32cube.ide.mcu.externaltools.gnu-tools-for-stm32.12.3.rel1.macos64_1.0.200.202406191456/tools/bin/../lib/gcc/arm-none-eabi/12.3.1/../../../../arm-none-eabi/lib/thumb/v7e-m+fp/hard/libc_nano.a(libc_a-printf.o)
                0x0800a96c                printf
                0x0800a96c                iprintf
 .text.strtok   0x0800a990       0x68 /Applications/STM32CubeIDE.app/Contents/Eclipse/plugins/com.st.stm32cube.ide.mcu.externaltools.gnu-tools-for-stm32.12.3.rel1.macos64_1.0.200.202406191456/tools/bin/../lib/gcc/arm-none-eabi/12.3.1/../../../../arm-none-eabi/lib/thumb/v7e-m+fp/hard/libc_nano.a(libc_a-strtok.o)
                0x0800a990                strtok
 .text.__strtok_r
                0x0800a9f8       0x50 /Applications/STM32CubeIDE.app/Contents/Eclipse/plugins/com.st.stm32cube.ide.mcu.externaltools.gnu-tools-for-stm32.12.3.rel1.macos64_1.0.200.202406191456/tools/bin/../lib/gcc/arm-none-eabi/12.3.1/../../../../arm-none-eabi/lib/thumb/v7e-m+fp/hard/libc_nano.a(libc_a-strtok_r.o)
                0x0800a9f8                __strtok_r
 .text.memset   0x0800aa48       0x10 /Applications/STM32CubeIDE.app/Contents/Eclipse/plugins/com.st.stm32cube.ide.mcu.externaltools.gnu-tools-for-stm32.12.3.rel1.macos64_1.0.200.202406191456/tools/bin/../lib/gcc/arm-none-eabi/12.3.1/../../../../arm-none-eabi/lib/thumb/v7e-m+fp/hard/libc_nano.a(libc_a-memset.o)
                0x0800aa48                memset
 .text.__errno  0x0800aa58        0xc /Applications/STM32CubeIDE.app/Contents/Eclipse/plugins/com.st.stm32cube.ide.mcu.externaltools.gnu-tools-for-stm32.12.3.rel1.macos64_1.0.200.202406191456/tools/bin/../lib/gcc/arm-none-eabi/12.3.1/../../../../arm-none-eabi/lib/thumb/v7e-m+fp/hard/libc_nano.a(libc_a-errno.o)
                0x0800aa58                __errno
 .text.__libc_init_array
                0x0800aa64       0x48 /Applications/STM32CubeIDE.app/Contents/Eclipse/plugins/com.st.stm32cube.ide.mcu.externaltools.gnu-tools-for-stm32.12.3.rel1.macos64_1.0.200.202406191456/tools/bin/../lib/gcc/arm-none-eabi/12.3.1/../../../../arm-none-eabi/lib/thumb/v7e-m+fp/hard/libc_nano.a(libc_a-init.o)
                0x0800aa64                __libc_init_array
 .text.__retarget_lock_init_recursive
                0x0800aaac        0x2 /Applications/STM32CubeIDE.app/Contents/Eclipse/plugins/com.st.stm32cube.ide.mcu.externaltools.gnu-tools-for-stm32.12.3.rel1.macos64_1.0.200.202406191456/tools/bin/../lib/gcc/arm-none-eabi/12.3.1/../../../../arm-none-eabi/lib/thumb/v7e-m+fp/hard/libc_nano.a(libc_a-lock.o)
                0x0800aaac                __retarget_lock_init_recursive
 .text.__retarget_lock_acquire_recursive
                0x0800aaae        0x2 /Applications/STM32CubeIDE.app/Contents/Eclipse/plugins/com.st.stm32cube.ide.mcu.externaltools.gnu-tools-for-stm32.12.3.rel1.macos64_1.0.200.202406191456/tools/bin/../lib/gcc/arm-none-eabi/12.3.1/../../../../arm-none-eabi/lib/thumb/v7e-m+fp/hard/libc_nano.a(libc_a-lock.o)
                0x0800aaae                __retarget_lock_acquire_recursive
 .text.__retarget_lock_release_recursive
                0x0800aab0        0x2 /Applications/STM32CubeIDE.app/Contents/Eclipse/plugins/com.st.stm32cube.ide.mcu.externaltools.gnu-tools-for-stm32.12.3.rel1.macos64_1.0.200.202406191456/tools/bin/../lib/gcc/arm-none-eabi/12.3.1/../../../../arm-none-eabi/lib/thumb/v7e-m+fp/hard/libc_nano.a(libc_a-lock.o)
                0x0800aab0                __retarget_lock_release_recursive
 .text.strcpy   0x0800aab2       0x10 /Applications/STM32CubeIDE.app/Contents/Eclipse/plugins/com.st.stm32cube.ide.mcu.externaltools.gnu-tools-for-stm32.12.3.rel1.macos64_1.0.200.202406191456/tools/bin/../lib/gcc/arm-none-eabi/12.3.1/../../../../arm-none-eabi/lib/thumb/v7e-m+fp/hard/libc_nano.a(libc_a-strcpy.o)
                0x0800aab2                strcpy
 *fill*         0x0800aac2        0x2 
 .text.__assert_func
                0x0800aac4       0x3c /Applications/STM32CubeIDE.app/Contents/Eclipse/plugins/com.st.stm32cube.ide.mcu.externaltools.gnu-tools-for-stm32.12.3.rel1.macos64_1.0.200.202406191456/tools/bin/../lib/gcc/arm-none-eabi/12.3.1/../../../../arm-none-eabi/lib/thumb/v7e-m+fp/hard/libc_nano.a(libc_a-assert.o)
                0x0800aac4                __assert_func
 .text.__sfputc_r
                0x0800ab00       0x2e /Applications/STM32CubeIDE.app/Contents/Eclipse/plugins/com.st.stm32cube.ide.mcu.externaltools.gnu-tools-for-stm32.12.3.rel1.macos64_1.0.200.202406191456/tools/bin/../lib/gcc/arm-none-eabi/12.3.1/../../../../arm-none-eabi/lib/thumb/v7e-m+fp/hard/libc_nano.a(libc_a-nano-vfprintf.o)
 .text.__sfputs_r
                0x0800ab2e       0x24 /Applications/STM32CubeIDE.app/Contents/Eclipse/plugins/com.st.stm32cube.ide.mcu.externaltools.gnu-tools-for-stm32.12.3.rel1.macos64_1.0.200.202406191456/tools/bin/../lib/gcc/arm-none-eabi/12.3.1/../../../../arm-none-eabi/lib/thumb/v7e-m+fp/hard/libc_nano.a(libc_a-nano-vfprintf.o)
                0x0800ab2e                __sfputs_r
 *fill*         0x0800ab52        0x2 
 .text._vfprintf_r
                0x0800ab54      0x230 /Applications/STM32CubeIDE.app/Contents/Eclipse/plugins/com.st.stm32cube.ide.mcu.externaltools.gnu-tools-for-stm32.12.3.rel1.macos64_1.0.200.202406191456/tools/bin/../lib/gcc/arm-none-eabi/12.3.1/../../../../arm-none-eabi/lib/thumb/v7e-m+fp/hard/libc_nano.a(libc_a-nano-vfprintf.o)
                0x0800ab54                _vfiprintf_r
                0x0800ab54                _vfprintf_r
 .text.malloc   0x0800ad84       0x10 /Applications/STM32CubeIDE.app/Contents/Eclipse/plugins/com.st.stm32cube.ide.mcu.externaltools.gnu-tools-for-stm32.12.3.rel1.macos64_1.0.200.202406191456/tools/bin/../lib/gcc/arm-none-eabi/12.3.1/../../../../arm-none-eabi/lib/thumb/v7e-m+fp/hard/libc_nano.a(libc_a-malloc.o)
                0x0800ad84                malloc
 .text.sbrk_aligned
                0x0800ad94       0x44 /Applications/STM32CubeIDE.app/Contents/Eclipse/plugins/com.st.stm32cube.ide.mcu.externaltools.gnu-tools-for-stm32.12.3.rel1.macos64_1.0.200.202406191456/tools/bin/../lib/gcc/arm-none-eabi/12.3.1/../../../../arm-none-eabi/lib/thumb/v7e-m+fp/hard/libc_nano.a(libc_a-mallocr.o)
 .text._malloc_r
                0x0800add8      0x100 /Applications/STM32CubeIDE.app/Contents/Eclipse/plugins/com.st.stm32cube.ide.mcu.externaltools.gnu-tools-for-stm32.12.3.rel1.macos64_1.0.200.202406191456/tools/bin/../lib/gcc/arm-none-eabi/12.3.1/../../../../arm-none-eabi/lib/thumb/v7e-m+fp/hard/libc_nano.a(libc_a-mallocr.o)
                0x0800add8                _malloc_r
 .text._printf_common
                0x0800aed8       0xda /Applications/STM32CubeIDE.app/Contents/Eclipse/plugins/com.st.stm32cube.ide.mcu.externaltools.gnu-tools-for-stm32.12.3.rel1.macos64_1.0.200.202406191456/tools/bin/../lib/gcc/arm-none-eabi/12.3.1/../../../../arm-none-eabi/lib/thumb/v7e-m+fp/hard/libc_nano.a(libc_a-nano-vfprintf_i.o)
                0x0800aed8                _printf_common
 *fill*         0x0800afb2        0x2 
 .text._printf_i
                0x0800afb4      0x240 /Applications/STM32CubeIDE.app/Contents/Eclipse/plugins/com.st.stm32cube.ide.mcu.externaltools.gnu-tools-for-stm32.12.3.rel1.macos64_1.0.200.202406191456/tools/bin/../lib/gcc/arm-none-eabi/12.3.1/../../../../arm-none-eabi/lib/thumb/v7e-m+fp/hard/libc_nano.a(libc_a-nano-vfprintf_i.o)
                0x0800afb4                _printf_i
 .text.__sflush_r
                0x0800b1f4      0x108 /Applications/STM32CubeIDE.app/Contents/Eclipse/plugins/com.st.stm32cube.ide.mcu.externaltools.gnu-tools-for-stm32.12.3.rel1.macos64_1.0.200.202406191456/tools/bin/../lib/gcc/arm-none-eabi/12.3.1/../../../../arm-none-eabi/lib/thumb/v7e-m+fp/hard/libc_nano.a(libc_a-fflush.o)
                0x0800b1f4                __sflush_r
 .text._fflush_r
                0x0800b2fc       0x50 /Applications/STM32CubeIDE.app/Contents/Eclipse/plugins/com.st.stm32cube.ide.mcu.externaltools.gnu-tools-for-stm32.12.3.rel1.macos64_1.0.200.202406191456/tools/bin/../lib/gcc/arm-none-eabi/12.3.1/../../../../arm-none-eabi/lib/thumb/v7e-m+fp/hard/libc_nano.a(libc_a-fflush.o)
                0x0800b2fc                _fflush_r
 .text.__malloc_lock
                0x0800b34c        0xc /Applications/STM32CubeIDE.app/Contents/Eclipse/plugins/com.st.stm32cube.ide.mcu.externaltools.gnu-tools-for-stm32.12.3.rel1.macos64_1.0.200.202406191456/tools/bin/../lib/gcc/arm-none-eabi/12.3.1/../../../../arm-none-eabi/lib/thumb/v7e-m+fp/hard/libc_nano.a(libc_a-mlock.o)
                0x0800b34c                __malloc_lock
 .text.__malloc_unlock
                0x0800b358        0xc /Applications/STM32CubeIDE.app/Contents/Eclipse/plugins/com.st.stm32cube.ide.mcu.externaltools.gnu-tools-for-stm32.12.3.rel1.macos64_1.0.200.202406191456/tools/bin/../lib/gcc/arm-none-eabi/12.3.1/../../../../arm-none-eabi/lib/thumb/v7e-m+fp/hard/libc_nano.a(libc_a-mlock.o)
                0x0800b358                __malloc_unlock
 .text.__sread  0x0800b364       0x22 /Applications/STM32CubeIDE.app/Contents/Eclipse/plugins/com.st.stm32cube.ide.mcu.externaltools.gnu-tools-for-stm32.12.3.rel1.macos64_1.0.200.202406191456/tools/bin/../lib/gcc/arm-none-eabi/12.3.1/../../../../arm-none-eabi/lib/thumb/v7e-m+fp/hard/libc_nano.a(libc_a-stdio.o)
                0x0800b364                __sread
 .text.__swrite
                0x0800b386       0x38 /Applications/STM32CubeIDE.app/Contents/Eclipse/plugins/com.st.stm32cube.ide.mcu.externaltools.gnu-tools-for-stm32.12.3.rel1.macos64_1.0.200.202406191456/tools/bin/../lib/gcc/arm-none-eabi/12.3.1/../../../../arm-none-eabi/lib/thumb/v7e-m+fp/hard/libc_nano.a(libc_a-stdio.o)
                0x0800b386                __swrite
 .text.__sseek  0x0800b3be       0x24 /Applications/STM32CubeIDE.app/Contents/Eclipse/plugins/com.st.stm32cube.ide.mcu.externaltools.gnu-tools-for-stm32.12.3.rel1.macos64_1.0.200.202406191456/tools/bin/../lib/gcc/arm-none-eabi/12.3.1/../../../../arm-none-eabi/lib/thumb/v7e-m+fp/hard/libc_nano.a(libc_a-stdio.o)
                0x0800b3be                __sseek
 .text.__sclose
                0x0800b3e2        0x8 /Applications/STM32CubeIDE.app/Contents/Eclipse/plugins/com.st.stm32cube.ide.mcu.externaltools.gnu-tools-for-stm32.12.3.rel1.macos64_1.0.200.202406191456/tools/bin/../lib/gcc/arm-none-eabi/12.3.1/../../../../arm-none-eabi/lib/thumb/v7e-m+fp/hard/libc_nano.a(libc_a-stdio.o)
                0x0800b3e2                __sclose
 *fill*         0x0800b3ea        0x2 
 .text.fprintf  0x0800b3ec       0x24 /Applications/STM32CubeIDE.app/Contents/Eclipse/plugins/com.st.stm32cube.ide.mcu.externaltools.gnu-tools-for-stm32.12.3.rel1.macos64_1.0.200.202406191456/tools/bin/../lib/gcc/arm-none-eabi/12.3.1/../../../../arm-none-eabi/lib/thumb/v7e-m+fp/hard/libc_nano.a(libc_a-fprintf.o)
                0x0800b3ec                fprintf
                0x0800b3ec                fiprintf
 .text.__swbuf_r
                0x0800b410       0x7c /Applications/STM32CubeIDE.app/Contents/Eclipse/plugins/com.st.stm32cube.ide.mcu.externaltools.gnu-tools-for-stm32.12.3.rel1.macos64_1.0.200.202406191456/tools/bin/../lib/gcc/arm-none-eabi/12.3.1/../../../../arm-none-eabi/lib/thumb/v7e-m+fp/hard/libc_nano.a(libc_a-wbuf.o)
                0x0800b410                __swbuf_r
 .text.__swsetup_r
                0x0800b48c       0xac /Applications/STM32CubeIDE.app/Contents/Eclipse/plugins/com.st.stm32cube.ide.mcu.externaltools.gnu-tools-for-stm32.12.3.rel1.macos64_1.0.200.202406191456/tools/bin/../lib/gcc/arm-none-eabi/12.3.1/../../../../arm-none-eabi/lib/thumb/v7e-m+fp/hard/libc_nano.a(libc_a-wsetup.o)
                0x0800b48c                __swsetup_r
 .text.__swhatbuf_r
                0x0800b538       0x4c /Applications/STM32CubeIDE.app/Contents/Eclipse/plugins/com.st.stm32cube.ide.mcu.externaltools.gnu-tools-for-stm32.12.3.rel1.macos64_1.0.200.202406191456/tools/bin/../lib/gcc/arm-none-eabi/12.3.1/../../../../arm-none-eabi/lib/thumb/v7e-m+fp/hard/libc_nano.a(libc_a-makebuf.o)
                0x0800b538                __swhatbuf_r
 .text.__smakebuf_r
                0x0800b584       0x78 /Applications/STM32CubeIDE.app/Contents/Eclipse/plugins/com.st.stm32cube.ide.mcu.externaltools.gnu-tools-for-stm32.12.3.rel1.macos64_1.0.200.202406191456/tools/bin/../lib/gcc/arm-none-eabi/12.3.1/../../../../arm-none-eabi/lib/thumb/v7e-m+fp/hard/libc_nano.a(libc_a-makebuf.o)
                0x0800b584                __smakebuf_r
 .text._close_r
                0x0800b5fc       0x20 /Applications/STM32CubeIDE.app/Contents/Eclipse/plugins/com.st.stm32cube.ide.mcu.externaltools.gnu-tools-for-stm32.12.3.rel1.macos64_1.0.200.202406191456/tools/bin/../lib/gcc/arm-none-eabi/12.3.1/../../../../arm-none-eabi/lib/thumb/v7e-m+fp/hard/libc_nano.a(libc_a-closer.o)
                0x0800b5fc                _close_r
 .text._fstat_r
                0x0800b61c       0x24 /Applications/STM32CubeIDE.app/Contents/Eclipse/plugins/com.st.stm32cube.ide.mcu.externaltools.gnu-tools-for-stm32.12.3.rel1.macos64_1.0.200.202406191456/tools/bin/../lib/gcc/arm-none-eabi/12.3.1/../../../../arm-none-eabi/lib/thumb/v7e-m+fp/hard/libc_nano.a(libc_a-fstatr.o)
                0x0800b61c                _fstat_r
 .text._isatty_r
                0x0800b640       0x20 /Applications/STM32CubeIDE.app/Contents/Eclipse/plugins/com.st.stm32cube.ide.mcu.externaltools.gnu-tools-for-stm32.12.3.rel1.macos64_1.0.200.202406191456/tools/bin/../lib/gcc/arm-none-eabi/12.3.1/../../../../arm-none-eabi/lib/thumb/v7e-m+fp/hard/libc_nano.a(libc_a-isattyr.o)
                0x0800b640                _isatty_r
 .text._lseek_r
                0x0800b660       0x24 /Applications/STM32CubeIDE.app/Contents/Eclipse/plugins/com.st.stm32cube.ide.mcu.externaltools.gnu-tools-for-stm32.12.3.rel1.macos64_1.0.200.202406191456/tools/bin/../lib/gcc/arm-none-eabi/12.3.1/../../../../arm-none-eabi/lib/thumb/v7e-m+fp/hard/libc_nano.a(libc_a-lseekr.o)
                0x0800b660                _lseek_r
 .text._read_r  0x0800b684       0x24 /Applications/STM32CubeIDE.app/Contents/Eclipse/plugins/com.st.stm32cube.ide.mcu.externaltools.gnu-tools-for-stm32.12.3.rel1.macos64_1.0.200.202406191456/tools/bin/../lib/gcc/arm-none-eabi/12.3.1/../../../../arm-none-eabi/lib/thumb/v7e-m+fp/hard/libc_nano.a(libc_a-readr.o)
                0x0800b684                _read_r
 .text._sbrk_r  0x0800b6a8       0x20 /Applications/STM32CubeIDE.app/Contents/Eclipse/plugins/com.st.stm32cube.ide.mcu.externaltools.gnu-tools-for-stm32.12.3.rel1.macos64_1.0.200.202406191456/tools/bin/../lib/gcc/arm-none-eabi/12.3.1/../../../../arm-none-eabi/lib/thumb/v7e-m+fp/hard/libc_nano.a(libc_a-sbrkr.o)
                0x0800b6a8                _sbrk_r
 .text._write_r
                0x0800b6c8       0x24 /Applications/STM32CubeIDE.app/Contents/Eclipse/plugins/com.st.stm32cube.ide.mcu.externaltools.gnu-tools-for-stm32.12.3.rel1.macos64_1.0.200.202406191456/tools/bin/../lib/gcc/arm-none-eabi/12.3.1/../../../../arm-none-eabi/lib/thumb/v7e-m+fp/hard/libc_nano.a(libc_a-writer.o)
                0x0800b6c8                _write_r
 .text.abort    0x0800b6ec        0xe /Applications/STM32CubeIDE.app/Contents/Eclipse/plugins/com.st.stm32cube.ide.mcu.externaltools.gnu-tools-for-stm32.12.3.rel1.macos64_1.0.200.202406191456/tools/bin/../lib/gcc/arm-none-eabi/12.3.1/../../../../arm-none-eabi/lib/thumb/v7e-m+fp/hard/libc_nano.a(libc_a-abort.o)
                0x0800b6ec                abort
 *fill*         0x0800b6fa        0x2 
 .text._free_r  0x0800b6fc       0x94 /Applications/STM32CubeIDE.app/Contents/Eclipse/plugins/com.st.stm32cube.ide.mcu.externaltools.gnu-tools-for-stm32.12.3.rel1.macos64_1.0.200.202406191456/tools/bin/../lib/gcc/arm-none-eabi/12.3.1/../../../../arm-none-eabi/lib/thumb/v7e-m+fp/hard/libc_nano.a(libc_a-freer.o)
                0x0800b6fc                _free_r
 .text._raise_r
                0x0800b790       0x50 /Applications/STM32CubeIDE.app/Contents/Eclipse/plugins/com.st.stm32cube.ide.mcu.externaltools.gnu-tools-for-stm32.12.3.rel1.macos64_1.0.200.202406191456/tools/bin/../lib/gcc/arm-none-eabi/12.3.1/../../../../arm-none-eabi/lib/thumb/v7e-m+fp/hard/libc_nano.a(libc_a-signal.o)
                0x0800b790                _raise_r
 .text.raise    0x0800b7e0       0x10 /Applications/STM32CubeIDE.app/Contents/Eclipse/plugins/com.st.stm32cube.ide.mcu.externaltools.gnu-tools-for-stm32.12.3.rel1.macos64_1.0.200.202406191456/tools/bin/../lib/gcc/arm-none-eabi/12.3.1/../../../../arm-none-eabi/lib/thumb/v7e-m+fp/hard/libc_nano.a(libc_a-signal.o)
                0x0800b7e0                raise
 .text._kill_r  0x0800b7f0       0x24 /Applications/STM32CubeIDE.app/Contents/Eclipse/plugins/com.st.stm32cube.ide.mcu.externaltools.gnu-tools-for-stm32.12.3.rel1.macos64_1.0.200.202406191456/tools/bin/../lib/gcc/arm-none-eabi/12.3.1/../../../../arm-none-eabi/lib/thumb/v7e-m+fp/hard/libc_nano.a(libc_a-signalr.o)
                0x0800b7f0                _kill_r
 .text._getpid_r
                0x0800b814        0x4 /Applications/STM32CubeIDE.app/Contents/Eclipse/plugins/com.st.stm32cube.ide.mcu.externaltools.gnu-tools-for-stm32.12.3.rel1.macos64_1.0.200.202406191456/tools/bin/../lib/gcc/arm-none-eabi/12.3.1/../../../../arm-none-eabi/lib/thumb/v7e-m+fp/hard/libc_nano.a(libc_a-signalr.o)
                0x0800b814                _getpid_r
 *(.glue_7)
 .glue_7        0x0800b818        0x0 linker stubs
 *(.glue_7t)
 .glue_7t       0x0800b818        0x0 linker stubs
 *(.eh_frame)
 .eh_frame      0x0800b818        0x0 /Applications/STM32CubeIDE.app/Contents/Eclipse/plugins/com.st.stm32cube.ide.mcu.externaltools.gnu-tools-for-stm32.12.3.rel1.macos64_1.0.200.202406191456/tools/bin/../lib/gcc/arm-none-eabi/12.3.1/thumb/v7e-m+fp/hard/crtbegin.o
 *(.init)
 .init          0x0800b818        0x4 /Applications/STM32CubeIDE.app/Contents/Eclipse/plugins/com.st.stm32cube.ide.mcu.externaltools.gnu-tools-for-stm32.12.3.rel1.macos64_1.0.200.202406191456/tools/bin/../lib/gcc/arm-none-eabi/12.3.1/thumb/v7e-m+fp/hard/crti.o
                0x0800b818                _init
 .init          0x0800b81c        0x8 /Applications/STM32CubeIDE.app/Contents/Eclipse/plugins/com.st.stm32cube.ide.mcu.externaltools.gnu-tools-for-stm32.12.3.rel1.macos64_1.0.200.202406191456/tools/bin/../lib/gcc/arm-none-eabi/12.3.1/thumb/v7e-m+fp/hard/crtn.o
 *(.fini)
 .fini          0x0800b824        0x4 /Applications/STM32CubeIDE.app/Contents/Eclipse/plugins/com.st.stm32cube.ide.mcu.externaltools.gnu-tools-for-stm32.12.3.rel1.macos64_1.0.200.202406191456/tools/bin/../lib/gcc/arm-none-eabi/12.3.1/thumb/v7e-m+fp/hard/crti.o
                0x0800b824                _fini
 .fini          0x0800b828        0x8 /Applications/STM32CubeIDE.app/Contents/Eclipse/plugins/com.st.stm32cube.ide.mcu.externaltools.gnu-tools-for-stm32.12.3.rel1.macos64_1.0.200.202406191456/tools/bin/../lib/gcc/arm-none-eabi/12.3.1/thumb/v7e-m+fp/hard/crtn.o
                0x0800b830                        . = ALIGN (0x4)
                0x0800b830                        _etext = .

.vfp11_veneer   0x0800b830        0x0
 .vfp11_veneer  0x0800b830        0x0 linker stubs

.v4_bx          0x0800b830        0x0
 .v4_bx         0x0800b830        0x0 linker stubs

.iplt           0x0800b830        0x0
 .iplt          0x0800b830        0x0 /Applications/STM32CubeIDE.app/Contents/Eclipse/plugins/com.st.stm32cube.ide.mcu.externaltools.gnu-tools-for-stm32.12.3.rel1.macos64_1.0.200.202406191456/tools/bin/../lib/gcc/arm-none-eabi/12.3.1/thumb/v7e-m+fp/hard/crtbegin.o

.rodata         0x0800b830      0x5a4
                0x0800b830                        . = ALIGN (0x4)
 *(.rodata)
 .rodata        0x0800b830      0x37e ./Core/Src/mylibs/shellv2.o
 *(.rodata*)
 *fill*         0x0800bbae        0x2 
 .rodata.AHBPrescTable
                0x0800bbb0       0x10 ./Core/Src/system_stm32g4xx.o
                0x0800bbb0                AHBPrescTable
 .rodata.APBPrescTable
                0x0800bbc0        0x8 ./Core/Src/system_stm32g4xx.o
                0x0800bbc0                APBPrescTable
 .rodata.UARTPrescTable
                0x0800bbc8       0x18 ./Drivers/STM32G4xx_HAL_Driver/Src/stm32g4xx_hal_uart.o
                0x0800bbc8                UARTPrescTable
 .rodata.numerator.1
                0x0800bbe0        0x8 ./Drivers/STM32G4xx_HAL_Driver/Src/stm32g4xx_hal_uart_ex.o
 .rodata.denominator.0
                0x0800bbe8        0x8 ./Drivers/STM32G4xx_HAL_Driver/Src/stm32g4xx_hal_uart_ex.o
 .rodata.strtok.str1.1
                0x0800bbf0       0x71 /Applications/STM32CubeIDE.app/Contents/Eclipse/plugins/com.st.stm32cube.ide.mcu.externaltools.gnu-tools-for-stm32.12.3.rel1.macos64_1.0.200.202406191456/tools/bin/../lib/gcc/arm-none-eabi/12.3.1/../../../../arm-none-eabi/lib/thumb/v7e-m+fp/hard/libc_nano.a(libc_a-strtok.o)
 .rodata._ctype_
                0x0800bc61      0x101 /Applications/STM32CubeIDE.app/Contents/Eclipse/plugins/com.st.stm32cube.ide.mcu.externaltools.gnu-tools-for-stm32.12.3.rel1.macos64_1.0.200.202406191456/tools/bin/../lib/gcc/arm-none-eabi/12.3.1/../../../../arm-none-eabi/lib/thumb/v7e-m+fp/hard/libc_nano.a(libc_a-ctype_.o)
                0x0800bc61                _ctype_
 .rodata.__assert_func.str1.1
                0x0800bd62       0x3c /Applications/STM32CubeIDE.app/Contents/Eclipse/plugins/com.st.stm32cube.ide.mcu.externaltools.gnu-tools-for-stm32.12.3.rel1.macos64_1.0.200.202406191456/tools/bin/../lib/gcc/arm-none-eabi/12.3.1/../../../../arm-none-eabi/lib/thumb/v7e-m+fp/hard/libc_nano.a(libc_a-assert.o)
                                 0x3d (size before relaxing)
 .rodata._vfprintf_r.str1.1
                0x0800bd9e       0x11 /Applications/STM32CubeIDE.app/Contents/Eclipse/plugins/com.st.stm32cube.ide.mcu.externaltools.gnu-tools-for-stm32.12.3.rel1.macos64_1.0.200.202406191456/tools/bin/../lib/gcc/arm-none-eabi/12.3.1/../../../../arm-none-eabi/lib/thumb/v7e-m+fp/hard/libc_nano.a(libc_a-nano-vfprintf.o)
 .rodata._printf_i.str1.1
                0x0800bdaf       0x22 /Applications/STM32CubeIDE.app/Contents/Eclipse/plugins/com.st.stm32cube.ide.mcu.externaltools.gnu-tools-for-stm32.12.3.rel1.macos64_1.0.200.202406191456/tools/bin/../lib/gcc/arm-none-eabi/12.3.1/../../../../arm-none-eabi/lib/thumb/v7e-m+fp/hard/libc_nano.a(libc_a-nano-vfprintf_i.o)
                0x0800bdd4                        . = ALIGN (0x4)
 *fill*         0x0800bdd1        0x3 

.ARM.extab      0x0800bdd4        0x0
                0x0800bdd4                        . = ALIGN (0x4)
 *(.ARM.extab* .gnu.linkonce.armextab.*)
                0x0800bdd4                        . = ALIGN (0x4)

.ARM            0x0800bdd4        0x8
                0x0800bdd4                        . = ALIGN (0x4)
                0x0800bdd4                        __exidx_start = .
 *(.ARM.exidx*)
 .ARM.exidx     0x0800bdd4        0x8 /Applications/STM32CubeIDE.app/Contents/Eclipse/plugins/com.st.stm32cube.ide.mcu.externaltools.gnu-tools-for-stm32.12.3.rel1.macos64_1.0.200.202406191456/tools/bin/../lib/gcc/arm-none-eabi/12.3.1/../../../../arm-none-eabi/lib/thumb/v7e-m+fp/hard/libc_nano.a(libc_a-strlen.o)
 .ARM.exidx     0x0800bddc        0x0 /Applications/STM32CubeIDE.app/Contents/Eclipse/plugins/com.st.stm32cube.ide.mcu.externaltools.gnu-tools-for-stm32.12.3.rel1.macos64_1.0.200.202406191456/tools/bin/../lib/gcc/arm-none-eabi/12.3.1/../../../../arm-none-eabi/lib/thumb/v7e-m+fp/hard/libc_nano.a(libc_a-strcmp.o)
                                  0x8 (size before relaxing)
 .ARM.exidx     0x0800bddc        0x0 /Applications/STM32CubeIDE.app/Contents/Eclipse/plugins/com.st.stm32cube.ide.mcu.externaltools.gnu-tools-for-stm32.12.3.rel1.macos64_1.0.200.202406191456/tools/bin/../lib/gcc/arm-none-eabi/12.3.1/../../../../arm-none-eabi/lib/thumb/v7e-m+fp/hard/libc_nano.a(libc_a-memchr.o)
                                  0x8 (size before relaxing)
 .ARM.exidx     0x0800bddc        0x0 /Applications/STM32CubeIDE.app/Contents/Eclipse/plugins/com.st.stm32cube.ide.mcu.externaltools.gnu-tools-for-stm32.12.3.rel1.macos64_1.0.200.202406191456/tools/bin/../lib/gcc/arm-none-eabi/12.3.1/thumb/v7e-m+fp/hard/libgcc.a(_udivmoddi4.o)
                                  0x8 (size before relaxing)
                0x0800bddc                        __exidx_end = .
                0x0800bddc                        . = ALIGN (0x4)

.rel.dyn        0x0800bddc        0x0
 .rel.iplt      0x0800bddc        0x0 /Applications/STM32CubeIDE.app/Contents/Eclipse/plugins/com.st.stm32cube.ide.mcu.externaltools.gnu-tools-for-stm32.12.3.rel1.macos64_1.0.200.202406191456/tools/bin/../lib/gcc/arm-none-eabi/12.3.1/thumb/v7e-m+fp/hard/crtbegin.o

.preinit_array  0x0800bddc        0x0
                0x0800bddc                        . = ALIGN (0x4)
                0x0800bddc                        PROVIDE (__preinit_array_start = .)
 *(.preinit_array*)
                0x0800bddc                        PROVIDE (__preinit_array_end = .)
                0x0800bddc                        . = ALIGN (0x4)

.init_array     0x0800bddc        0x4
                0x0800bddc                        . = ALIGN (0x4)
                0x0800bddc                        PROVIDE (__init_array_start = .)
 *(SORT_BY_NAME(.init_array.*))
 *(.init_array*)
 .init_array    0x0800bddc        0x4 /Applications/STM32CubeIDE.app/Contents/Eclipse/plugins/com.st.stm32cube.ide.mcu.externaltools.gnu-tools-for-stm32.12.3.rel1.macos64_1.0.200.202406191456/tools/bin/../lib/gcc/arm-none-eabi/12.3.1/thumb/v7e-m+fp/hard/crtbegin.o
                0x0800bde0                        PROVIDE (__init_array_end = .)
                0x0800bde0                        . = ALIGN (0x4)

.fini_array     0x0800bde0        0x4
                0x0800bde0                        . = ALIGN (0x4)
                [!provide]                        PROVIDE (__fini_array_start = .)
 *(SORT_BY_NAME(.fini_array.*))
 *(.fini_array*)
 .fini_array    0x0800bde0        0x4 /Applications/STM32CubeIDE.app/Contents/Eclipse/plugins/com.st.stm32cube.ide.mcu.externaltools.gnu-tools-for-stm32.12.3.rel1.macos64_1.0.200.202406191456/tools/bin/../lib/gcc/arm-none-eabi/12.3.1/thumb/v7e-m+fp/hard/crtbegin.o
                [!provide]                        PROVIDE (__fini_array_end = .)
                0x0800bde4                        . = ALIGN (0x4)
                0x0800bde4                        _sidata = LOADADDR (.data)

.data           0x20000000      0x1c4 load address 0x0800bde4
                0x20000000                        . = ALIGN (0x4)
                0x20000000                        _sdata = .
 *(.data)
 *(.data*)
 .data.SystemCoreClock
                0x20000000        0x4 ./Core/Src/system_stm32g4xx.o
                0x20000000                SystemCoreClock
 .data.K_CAPT   0x20000004        0x2 ./Core/Src/mylibs/asserv.o
                0x20000004                K_CAPT
 *fill*         0x20000006        0x2 
 .data.KI       0x20000008        0x4 ./Core/Src/mylibs/asserv.o
                0x20000008                KI
 .data.KP       0x2000000c        0x4 ./Core/Src/mylibs/asserv.o
                0x2000000c                KP
 .data.prompt   0x20000010       0x1c ./Core/Src/mylibs/shellv2.o
                0x20000010                prompt
 .data.started  0x2000002c       0x66 ./Core/Src/mylibs/shellv2.o
                0x2000002c                started
 *fill*         0x20000092        0x2 
 .data.newline  0x20000094        0x3 ./Core/Src/mylibs/shellv2.o
                0x20000094                newline
 *fill*         0x20000097        0x1 
 .data.backspace
                0x20000098        0x4 ./Core/Src/mylibs/shellv2.o
                0x20000098                backspace
 .data.cmdNotFound
                0x2000009c       0x14 ./Core/Src/mylibs/shellv2.o
                0x2000009c                cmdNotFound
 .data.brian    0x200000b0       0x1a ./Core/Src/mylibs/shellv2.o
                0x200000b0                brian
 *fill*         0x200000ca        0x2 
 .data.error    0x200000cc        0x4 ./Core/Src/mylibs/shellv2.o
                0x200000cc                error
 .data.info_PWMs
                0x200000d0        0x4 ./Core/Src/mylibs/shellv2.o
                0x200000d0                info_PWMs
 .data.info_TIMERs
                0x200000d4        0x4 ./Core/Src/mylibs/shellv2.o
                0x200000d4                info_TIMERs
 .data.info_PWM_1
                0x200000d8        0x4 ./Core/Src/mylibs/shellv2.o
                0x200000d8                info_PWM_1
 .data.info_PWMN_1
                0x200000dc        0x4 ./Core/Src/mylibs/shellv2.o
                0x200000dc                info_PWMN_1
 .data.info_PWMN_2
                0x200000e0        0x4 ./Core/Src/mylibs/shellv2.o
                0x200000e0                info_PWMN_2
 .data.info_PWM_2
                0x200000e4        0x4 ./Core/Src/mylibs/shellv2.o
                0x200000e4                info_PWM_2
 .data.alreadyStarted
                0x200000e8        0x4 ./Core/Src/mylibs/shellv2.o
                0x200000e8                alreadyStarted
 .data.alreadyStop
                0x200000ec        0x4 ./Core/Src/mylibs/shellv2.o
                0x200000ec                alreadyStop
 .data.mapping  0x200000f0       0x70 ./Core/Src/mylibs/shellv2.o
                0x200000f0                mapping
 .data.uwTickPrio
                0x20000160        0x4 ./Drivers/STM32G4xx_HAL_Driver/Src/stm32g4xx_hal.o
                0x20000160                uwTickPrio
 .data.uwTickFreq
                0x20000164        0x4 ./Drivers/STM32G4xx_HAL_Driver/Src/stm32g4xx_hal.o
                0x20000164                uwTickFreq
 .data.__sglue  0x20000168        0xc /Applications/STM32CubeIDE.app/Contents/Eclipse/plugins/com.st.stm32cube.ide.mcu.externaltools.gnu-tools-for-stm32.12.3.rel1.macos64_1.0.200.202406191456/tools/bin/../lib/gcc/arm-none-eabi/12.3.1/../../../../arm-none-eabi/lib/thumb/v7e-m+fp/hard/libc_nano.a(libc_a-findfp.o)
                0x20000168                __sglue
 .data._impure_ptr
                0x20000174        0x4 /Applications/STM32CubeIDE.app/Contents/Eclipse/plugins/com.st.stm32cube.ide.mcu.externaltools.gnu-tools-for-stm32.12.3.rel1.macos64_1.0.200.202406191456/tools/bin/../lib/gcc/arm-none-eabi/12.3.1/../../../../arm-none-eabi/lib/thumb/v7e-m+fp/hard/libc_nano.a(libc_a-impure.o)
                0x20000174                _impure_ptr
 .data._impure_data
                0x20000178       0x4c /Applications/STM32CubeIDE.app/Contents/Eclipse/plugins/com.st.stm32cube.ide.mcu.externaltools.gnu-tools-for-stm32.12.3.rel1.macos64_1.0.200.202406191456/tools/bin/../lib/gcc/arm-none-eabi/12.3.1/../../../../arm-none-eabi/lib/thumb/v7e-m+fp/hard/libc_nano.a(libc_a-impure.o)
                0x20000178                _impure_data
 *(.RamFunc)
 *(.RamFunc*)
                0x200001c4                        . = ALIGN (0x4)
                0x200001c4                        _edata = .

.igot.plt       0x200001c4        0x0 load address 0x0800bfa8
 .igot.plt      0x200001c4        0x0 /Applications/STM32CubeIDE.app/Contents/Eclipse/plugins/com.st.stm32cube.ide.mcu.externaltools.gnu-tools-for-stm32.12.3.rel1.macos64_1.0.200.202406191456/tools/bin/../lib/gcc/arm-none-eabi/12.3.1/thumb/v7e-m+fp/hard/crtbegin.o
                0x200001c4                        . = ALIGN (0x4)

.bss            0x200001c4      0xa74 load address 0x0800bfa8
                0x200001c4                        _sbss = .
                0x200001c4                        __bss_start__ = _sbss
 *(.bss)
 .bss           0x200001c4       0x1c /Applications/STM32CubeIDE.app/Contents/Eclipse/plugins/com.st.stm32cube.ide.mcu.externaltools.gnu-tools-for-stm32.12.3.rel1.macos64_1.0.200.202406191456/tools/bin/../lib/gcc/arm-none-eabi/12.3.1/thumb/v7e-m+fp/hard/crtbegin.o
 *(.bss*)
 .bss.hadc1     0x200001e0       0x6c ./Core/Src/adc.o
                0x200001e0                hadc1
 .bss.hadc2     0x2000024c       0x6c ./Core/Src/adc.o
                0x2000024c                hadc2
 .bss.hdma_adc1
                0x200002b8       0x60 ./Core/Src/adc.o
                0x200002b8                hdma_adc1
 .bss.HAL_RCC_ADC12_CLK_ENABLED
                0x20000318        0x4 ./Core/Src/adc.o
 .bss.isADC     0x2000031c        0x4 ./Core/Src/main.o
                0x2000031c                isADC
 .bss.htim6     0x20000320       0xcc ./Core/Src/stm32g4xx_hal_timebase_tim.o
                0x20000320                htim6
 .bss.__sbrk_heap_end
                0x200003ec        0x4 ./Core/Src/sysmem.o
 .bss.htim1     0x200003f0       0xcc ./Core/Src/tim.o
                0x200003f0                htim1
 .bss.htim2     0x200004bc       0xcc ./Core/Src/tim.o
                0x200004bc                htim2
 .bss.htim3     0x20000588       0xcc ./Core/Src/tim.o
                0x20000588                htim3
 .bss.huart2    0x20000654       0x94 ./Core/Src/usart.o
                0x20000654                huart2
 .bss.huart3    0x200006e8       0x94 ./Core/Src/usart.o
                0x200006e8                huart3
 .bss.erreur    0x2000077c        0x8 ./Core/Src/mylibs/asserv.o
                0x2000077c                erreur
 .bss.escState  0x20000784        0x1 ./Core/Src/mylibs/shellv2.o
                0x20000784                escState
 .bss.uartRxReceived
                0x20000785        0x1 ./Core/Src/mylibs/shellv2.o
                0x20000785                uartRxReceived
 *fill*         0x20000786        0x2 
 .bss.uartRxBuffer
                0x20000788        0x1 ./Core/Src/mylibs/shellv2.o
                0x20000788                uartRxBuffer
 *fill*         0x20000789        0x3 
 .bss.uartTxBuffer
                0x2000078c       0x40 ./Core/Src/mylibs/shellv2.o
                0x2000078c                uartTxBuffer
 .bss.ADC_VAL   0x200007cc        0xc ./Core/Src/mylibs/shellv2.o
                0x200007cc                ADC_VAL
 .bss.I_CONS    0x200007d8        0x2 ./Core/Src/mylibs/shellv2.o
                0x200007d8                I_CONS
 *fill*         0x200007da        0x2 
 .bss.cmdHistory
                0x200007dc      0x280 ./Core/Src/mylibs/shellv2.o
                0x200007dc                cmdHistory
 .bss.cmdHistory_index_save
                0x20000a5c        0x1 ./Core/Src/mylibs/shellv2.o
                0x20000a5c                cmdHistory_index_save
 .bss.cmdHistory_index_nav
                0x20000a5d        0x1 ./Core/Src/mylibs/shellv2.o
                0x20000a5d                cmdHistory_index_nav
 *fill*         0x20000a5e        0x2 
 .bss.pulseGoal_1
                0x20000a60        0x4 ./Core/Src/mylibs/shellv2.o
                0x20000a60                pulseGoal_1
 .bss.pulseGoal_2
                0x20000a64        0x4 ./Core/Src/mylibs/shellv2.o
                0x20000a64                pulseGoal_2
 .bss.cmdBuffer
                0x20000a68       0x40 ./Core/Src/mylibs/shellv2.o
                0x20000a68                cmdBuffer
 .bss.idx_cmd   0x20000aa8        0x4 ./Core/Src/mylibs/shellv2.o
                0x20000aa8                idx_cmd
 .bss.argv      0x20000aac       0x24 ./Core/Src/mylibs/shellv2.o
                0x20000aac                argv
 .bss.argc      0x20000ad0        0x4 ./Core/Src/mylibs/shellv2.o
                0x20000ad0                argc
 .bss.token     0x20000ad4        0x4 ./Core/Src/mylibs/shellv2.o
                0x20000ad4                token
 .bss.newCmdReady
                0x20000ad8        0x4 ./Core/Src/mylibs/shellv2.o
                0x20000ad8                newCmdReady
 .bss.isFind    0x20000adc        0x4 ./Core/Src/mylibs/shellv2.o
                0x20000adc                isFind
 .bss.isStarted
                0x20000ae0        0x4 ./Core/Src/mylibs/shellv2.o
                0x20000ae0                isStarted
 .bss.isASSERV_I
                0x20000ae4        0x4 ./Core/Src/mylibs/shellv2.o
                0x20000ae4                isASSERV_I
 .bss.uwTick    0x20000ae8        0x4 ./Drivers/STM32G4xx_HAL_Driver/Src/stm32g4xx_hal.o
                0x20000ae8                uwTick
 .bss.__sf      0x20000aec      0x138 /Applications/STM32CubeIDE.app/Contents/Eclipse/plugins/com.st.stm32cube.ide.mcu.externaltools.gnu-tools-for-stm32.12.3.rel1.macos64_1.0.200.202406191456/tools/bin/../lib/gcc/arm-none-eabi/12.3.1/../../../../arm-none-eabi/lib/thumb/v7e-m+fp/hard/libc_nano.a(libc_a-findfp.o)
                0x20000aec                __sf
 .bss.__stdio_exit_handler
                0x20000c24        0x4 /Applications/STM32CubeIDE.app/Contents/Eclipse/plugins/com.st.stm32cube.ide.mcu.externaltools.gnu-tools-for-stm32.12.3.rel1.macos64_1.0.200.202406191456/tools/bin/../lib/gcc/arm-none-eabi/12.3.1/../../../../arm-none-eabi/lib/thumb/v7e-m+fp/hard/libc_nano.a(libc_a-findfp.o)
                0x20000c24                __stdio_exit_handler
 .bss.__lock___malloc_recursive_mutex
                0x20000c28        0x1 /Applications/STM32CubeIDE.app/Contents/Eclipse/plugins/com.st.stm32cube.ide.mcu.externaltools.gnu-tools-for-stm32.12.3.rel1.macos64_1.0.200.202406191456/tools/bin/../lib/gcc/arm-none-eabi/12.3.1/../../../../arm-none-eabi/lib/thumb/v7e-m+fp/hard/libc_nano.a(libc_a-lock.o)
                0x20000c28                __lock___malloc_recursive_mutex
 .bss.__lock___sfp_recursive_mutex
                0x20000c29        0x1 /Applications/STM32CubeIDE.app/Contents/Eclipse/plugins/com.st.stm32cube.ide.mcu.externaltools.gnu-tools-for-stm32.12.3.rel1.macos64_1.0.200.202406191456/tools/bin/../lib/gcc/arm-none-eabi/12.3.1/../../../../arm-none-eabi/lib/thumb/v7e-m+fp/hard/libc_nano.a(libc_a-lock.o)
                0x20000c29                __lock___sfp_recursive_mutex
 *fill*         0x20000c2a        0x2 
 .bss.__malloc_sbrk_start
                0x20000c2c        0x4 /Applications/STM32CubeIDE.app/Contents/Eclipse/plugins/com.st.stm32cube.ide.mcu.externaltools.gnu-tools-for-stm32.12.3.rel1.macos64_1.0.200.202406191456/tools/bin/../lib/gcc/arm-none-eabi/12.3.1/../../../../arm-none-eabi/lib/thumb/v7e-m+fp/hard/libc_nano.a(libc_a-mallocr.o)
                0x20000c2c                __malloc_sbrk_start
 .bss.__malloc_free_list
                0x20000c30        0x4 /Applications/STM32CubeIDE.app/Contents/Eclipse/plugins/com.st.stm32cube.ide.mcu.externaltools.gnu-tools-for-stm32.12.3.rel1.macos64_1.0.200.202406191456/tools/bin/../lib/gcc/arm-none-eabi/12.3.1/../../../../arm-none-eabi/lib/thumb/v7e-m+fp/hard/libc_nano.a(libc_a-mallocr.o)
                0x20000c30                __malloc_free_list
 .bss.errno     0x20000c34        0x4 /Applications/STM32CubeIDE.app/Contents/Eclipse/plugins/com.st.stm32cube.ide.mcu.externaltools.gnu-tools-for-stm32.12.3.rel1.macos64_1.0.200.202406191456/tools/bin/../lib/gcc/arm-none-eabi/12.3.1/../../../../arm-none-eabi/lib/thumb/v7e-m+fp/hard/libc_nano.a(libc_a-reent.o)
                0x20000c34                errno
 *(COMMON)
                0x20000c38                        . = ALIGN (0x4)
                0x20000c38                        _ebss = .
                0x20000c38                        __bss_end__ = _ebss

._user_heap_stack
                0x20000c38      0x600 load address 0x0800bfa8
                0x20000c38                        . = ALIGN (0x8)
                [!provide]                        PROVIDE (end = .)
                0x20000c38                        PROVIDE (_end = .)